Archive member included to satisfy reference by file (symbol)

C:/Users/dongh/Documents/GitHub/esp_peripheral/build/cxx\libcxx.a(cxx_exception_stubs.o)
                              (__cxx_fatal_exception)
C:/Users/dongh/Documents/GitHub/esp_peripheral/build/cxx\libcxx.a(cxx_guards.o)
                              (__cxa_guard_dummy)
C:/Users/dongh/Documents/GitHub/esp_peripheral/build/esp32\libesp32.a(cpu_start.o)
                              (call_start_cpu0)
C:/Users/dongh/Documents/GitHub/esp_peripheral/build/esp32\libesp32.a(dbg_stubs.o)
                              C:/Users/dongh/Documents/GitHub/esp_peripheral/build/esp32\libesp32.a(cpu_start.o) (esp_dbg_stubs_init)
C:/Users/dongh/Documents/GitHub/esp_peripheral/build/esp32\libesp32.a(task_wdt.o)
                              C:/Users/dongh/Documents/GitHub/esp_peripheral/build/esp32\libesp32.a(cpu_start.o) (esp_task_wdt_init)
C:/Users/dongh/Documents/GitHub/esp_peripheral/build/esp32\libesp32.a(panic.o)
                              C:/Users/dongh/Documents/GitHub/esp_peripheral/build/esp32\libesp32.a(task_wdt.o) (esp_reset_reason_set_hint)
C:/Users/dongh/Documents/GitHub/esp_peripheral/build/esp32\libesp32.a(dport_panic_highint_hdl.o)
                              (ld_include_panic_highint_hdl)
C:/Users/dongh/Documents/GitHub/esp_peripheral/build/esp32\libesp32.a(int_wdt.o)
                              C:/Users/dongh/Documents/GitHub/esp_peripheral/build/esp32\libesp32.a(dport_panic_highint_hdl.o) (int_wdt_app_cpu_ticked)
C:/Users/dongh/Documents/GitHub/esp_peripheral/build/esp32\libesp32.a(brownout.o)
                              C:/Users/dongh/Documents/GitHub/esp_peripheral/build/esp32\libesp32.a(cpu_start.o) (esp_brownout_init)
C:/Users/dongh/Documents/GitHub/esp_peripheral/build/esp32\libesp32.a(system_api.o)
                              C:/Users/dongh/Documents/GitHub/esp_peripheral/build/esp32\libesp32.a(panic.o) (esp_restart_noos)
C:/Users/dongh/Documents/GitHub/esp_peripheral/build/esp32\libesp32.a(dport_access.o)
                              C:/Users/dongh/Documents/GitHub/esp_peripheral/build/esp32\libesp32.a(dport_panic_highint_hdl.o) (dport_access_start)
C:/Users/dongh/Documents/GitHub/esp_peripheral/build/esp32\libesp32.a(esp_timer.o)
                              C:/Users/dongh/Documents/GitHub/esp_peripheral/build/esp32\libesp32.a(cpu_start.o) (esp_timer_init)
C:/Users/dongh/Documents/GitHub/esp_peripheral/build/esp32\libesp32.a(esp_err_to_name.o)
                              C:/Users/dongh/Documents/GitHub/esp_peripheral/build/esp32\libesp32.a(panic.o) (esp_err_to_name)
C:/Users/dongh/Documents/GitHub/esp_peripheral/build/esp32\libesp32.a(intr_alloc.o)
                              C:/Users/dongh/Documents/GitHub/esp_peripheral/build/esp32\libesp32.a(task_wdt.o) (esp_intr_alloc)
C:/Users/dongh/Documents/GitHub/esp_peripheral/build/esp32\libesp32.a(ipc.o)
                              C:/Users/dongh/Documents/GitHub/esp_peripheral/build/esp32\libesp32.a(intr_alloc.o) (esp_ipc_call_blocking)
C:/Users/dongh/Documents/GitHub/esp_peripheral/build/esp32\libesp32.a(cache_err_int.o)
                              C:/Users/dongh/Documents/GitHub/esp_peripheral/build/esp32\libesp32.a(cpu_start.o) (esp_cache_err_int_init)
C:/Users/dongh/Documents/GitHub/esp_peripheral/build/esp32\libesp32.a(freertos_hooks.o)
                              C:/Users/dongh/Documents/GitHub/esp_peripheral/build/esp32\libesp32.a(task_wdt.o) (esp_register_freertos_idle_hook_for_cpu)
C:/Users/dongh/Documents/GitHub/esp_peripheral/build/esp32\libesp32.a(clk.o)
                              C:/Users/dongh/Documents/GitHub/esp_peripheral/build/esp32\libesp32.a(cpu_start.o) (esp_clk_init)
C:/Users/dongh/Documents/GitHub/esp_peripheral/build/esp32\libesp32.a(esp_timer_esp32.o)
                              C:/Users/dongh/Documents/GitHub/esp_peripheral/build/esp32\libesp32.a(esp_timer.o) (esp_timer_impl_get_time)
C:/Users/dongh/Documents/GitHub/esp_peripheral/build/esp32\libesp32.a(crosscore_int.o)
                              C:/Users/dongh/Documents/GitHub/esp_peripheral/build/esp32\libesp32.a(cpu_start.o) (esp_crosscore_int_init)
C:/Users/dongh/Documents/GitHub/esp_peripheral/build/esp32\libesp32.a(pm_esp32.o)
                              C:/Users/dongh/Documents/GitHub/esp_peripheral/build/esp32\libesp32.a(freertos_hooks.o) (esp_pm_impl_waiti)
C:/Users/dongh/Documents/GitHub/esp_peripheral/build/esp32\libesp32.a(pm_locks.o)
                              C:/Users/dongh/Documents/GitHub/esp_peripheral/build/esp32\libesp32.a(pm_esp32.o) (esp_pm_lock_create)
C:/msys32/home/dongh/esp/esp-idf/components/esp32/libhal.a(int_asm--set_intclear.o)
                              C:/Users/dongh/Documents/GitHub/esp_peripheral/build/esp32\libesp32.a(intr_alloc.o) (xthal_set_intclear)
C:/Users/dongh/Documents/GitHub/esp_peripheral/build/freertos\libfreertos.a(FreeRTOS-openocd.o)
[...]
Memory Configuration

Name             Origin             Length             Attributes
iram0_0_seg      0x40080000         0x00020000         xr
iram0_2_seg      0x400d0018         0x0032ffe8         xr
dram0_0_seg      0x3ffb0000         0x0002c200         rw
drom0_0_seg      0x3f400018         0x003fffe8         r
rtc_iram_seg     0x400c0000         0x00002000         xrw
rtc_data_seg     0x3ff80000         0x00002000         rw
rtc_slow_seg     0x50000000         0x00001000         rw
extern_ram_seg   0x3f800000         0x00400000         xrw
*default*        0x00000000         0xffffffff

Linker script and memory map

START GROUP
LOAD C:/Users/dongh/Documents/GitHub/esp_peripheral/build/app_trace\libapp_trace.a
LOAD C:/Users/dongh/Documents/GitHub/esp_peripheral/build/app_update\libapp_update.a
LOAD C:/Users/dongh/Documents/GitHub/esp_peripheral/build/asio\libasio.a
LOAD C:/Users/dongh/Documents/GitHub/esp_peripheral/build/bootloader_support\libbootloader_support.a
LOAD C:/Users/dongh/Documents/GitHub/esp_peripheral/build/bt\libbt.a
LOAD C:/Users/dongh/Documents/GitHub/esp_peripheral/build/coap\libcoap.a
LOAD C:/Users/dongh/Documents/GitHub/esp_peripheral/build/console\libconsole.a
LOAD C:/Users/dongh/Documents/GitHub/esp_peripheral/build/cxx\libcxx.a
LOAD C:/Users/dongh/Documents/GitHub/esp_peripheral/build/driver\libdriver.a
LOAD C:/Users/dongh/Documents/GitHub/esp_peripheral/build/esp-tls\libesp-tls.a
LOAD C:/Users/dongh/Documents/GitHub/esp_peripheral/build/esp32\libesp32.a
LOAD C:/msys32/home/dongh/esp/esp-idf/components/esp32/libhal.a
LOAD C:/msys32/home/dongh/esp/esp-idf/components/esp32/lib\libcore.a
LOAD C:/msys32/home/dongh/esp/esp-idf/components/esp32/lib\librtc.a
LOAD C:/msys32/home/dongh/esp/esp-idf/components/esp32/lib\libnet80211.a
LOAD C:/msys32/home/dongh/esp/esp-idf/components/esp32/lib\libpp.a
LOAD C:/msys32/home/dongh/esp/esp-idf/components/esp32/lib\libwpa.a
LOAD C:/msys32/home/dongh/esp/esp-idf/components/esp32/lib\libsmartconfig.a
LOAD C:/msys32/home/dongh/esp/esp-idf/components/esp32/lib\libcoexist.a
LOAD C:/msys32/home/dongh/esp/esp-idf/components/esp32/lib\libwps.a
LOAD C:/msys32/home/dongh/esp/esp-idf/components/esp32/lib\libwpa2.a
LOAD C:/msys32/home/dongh/esp/esp-idf/components/esp32/lib\libespnow.a
LOAD C:/msys32/home/dongh/esp/esp-idf/components/esp32/lib\libphy.a
LOAD C:/msys32/home/dongh/esp/esp-idf/components/esp32/lib\libmesh.a
LOAD C:/Users/dongh/Documents/GitHub/esp_peripheral/build/esp_adc_cal\libesp_adc_cal.a
LOAD C:/Users/dongh/Documents/GitHub/esp_peripheral/build/esp_event\libesp_event.a
LOAD C:/Users/dongh/Documents/GitHub/esp_peripheral/build/esp_http_client\libesp_http_client.a
LOAD C:/Users/dongh/Documents/GitHub/esp_peripheral/build/esp_http_server\libesp_http_server.a
LOAD C:/Users/dongh/Documents/GitHub/esp_peripheral/build/esp_https_ota\libesp_https_ota.a
LOAD C:/Users/dongh/Documents/GitHub/esp_peripheral/build/esp_ringbuf\libesp_ringbuf.a
LOAD C:/Users/dongh/Documents/GitHub/esp_peripheral/build/ethernet\libethernet.a
LOAD C:/Users/dongh/Documents/GitHub/esp_peripheral/build/expat\libexpat.a
LOAD C:/Users/dongh/Documents/GitHub/esp_peripheral/build/fatfs\libfatfs.a
LOAD C:/Users/dongh/Documents/GitHub/esp_peripheral/build/freemodbus\libfreemodbus.a
LOAD C:/Users/dongh/Documents/GitHub/esp_peripheral/build/freertos\libfreertos.a
LOAD C:/Users/dongh/Documents/GitHub/esp_peripheral/build/heap\libheap.a
LOAD C:/Users/dongh/Documents/GitHub/esp_peripheral/build/idf_test\libidf_test.a
LOAD C:/Users/dongh/Documents/GitHub/esp_peripheral/build/jsmn\libjsmn.a
LOAD C:/Users/dongh/Documents/GitHub/esp_peripheral/build/json\libjson.a
LOAD C:/Users/dongh/Documents/GitHub/esp_peripheral/build/libsodium\liblibsodium.a
LOAD C:/Users/dongh/Documents/GitHub/esp_peripheral/build/log\liblog.a
LOAD C:/Users/dongh/Documents/GitHub/esp_peripheral/build/lwip\liblwip.a
LOAD C:/Users/dongh/Documents/GitHub/esp_peripheral/build/main\libmain.a
LOAD C:/Users/dongh/Documents/GitHub/esp_peripheral/build/mbedtls\libmbedtls.a
LOAD C:/Users/dongh/Documents/GitHub/esp_peripheral/build/mdns\libmdns.a
LOAD C:/Users/dongh/Documents/GitHub/esp_peripheral/build/micro-ecc\libmicro-ecc.a
LOAD C:/Users/dongh/Documents/GitHub/esp_peripheral/build/mqtt\libmqtt.a
LOAD C:/msys32/home/dongh/esp/esp-idf/components/newlib/lib/libc.a
LOAD C:/msys32/home/dongh/esp/esp-idf/components/newlib/lib/libm.a
LOAD C:/Users/dongh/Documents/GitHub/esp_peripheral/build/newlib\libnewlib.a
LOAD C:/Users/dongh/Documents/GitHub/esp_peripheral/build/nghttp\libnghttp.a
LOAD C:/Users/dongh/Documents/GitHub/esp_peripheral/build/nvs_flash\libnvs_flash.a
LOAD C:/Users/dongh/Documents/GitHub/esp_peripheral/build/openssl\libopenssl.a
LOAD C:/Users/dongh/Documents/GitHub/esp_peripheral/build/peripheral\libperipheral.a
LOAD C:/Users/dongh/Documents/GitHub/esp_peripheral/build/port\libport.a
LOAD C:/Users/dongh/Documents/GitHub/esp_peripheral/build/protobuf-c\libprotobuf-c.a
LOAD C:/Users/dongh/Documents/GitHub/esp_peripheral/build/protocomm\libprotocomm.a
LOAD C:/Users/dongh/Documents/GitHub/esp_peripheral/build/pthread\libpthread.a
LOAD C:/Users/dongh/Documents/GitHub/esp_peripheral/build/sdmmc\libsdmmc.a
LOAD C:/Users/dongh/Documents/GitHub/esp_peripheral/build/smartconfig_ack\libsmartconfig_ack.a
LOAD C:/Users/dongh/Documents/GitHub/esp_peripheral/build/soc\libsoc.a
LOAD C:/Users/dongh/Documents/GitHub/esp_peripheral/build/spi_flash\libspi_flash.a
LOAD C:/Users/dongh/Documents/GitHub/esp_peripheral/build/spiffs\libspiffs.a
LOAD C:/Users/dongh/Documents/GitHub/esp_peripheral/build/tcp_transport\libtcp_transport.a
LOAD C:/Users/dongh/Documents/GitHub/esp_peripheral/build/tcpip_adapter\libtcpip_adapter.a
LOAD C:/Users/dongh/Documents/GitHub/esp_peripheral/build/ulp\libulp.a
LOAD C:/Users/dongh/Documents/GitHub/esp_peripheral/build/vfs\libvfs.a
LOAD C:/Users/dongh/Documents/GitHub/esp_peripheral/build/wear_levelling\libwear_levelling.a
LOAD C:/Users/dongh/Documents/GitHub/esp_peripheral/build/wifi_provisioning\libwifi_provisioning.a
LOAD C:/Users/dongh/Documents/GitHub/esp_peripheral/build/wpa_supplicant\libwpa_supplicant.a
LOAD C:/Users/dongh/Documents/GitHub/esp_peripheral/build/xtensa-debug-module\libxtensa-debug-module.a
LOAD c:/msys32/opt/xtensa-esp32-elf/bin/../lib/gcc/xtensa-esp32-elf/5.2.0\libgcc.a
LOAD c:/msys32/opt/xtensa-esp32-elf/bin/../lib/gcc/xtensa-esp32-elf/5.2.0/../../../../xtensa-esp32-elf/lib\libstdc++.a
LOAD c:/msys32/opt/xtensa-esp32-elf/bin/../lib/gcc/xtensa-esp32-elf/5.2.0\libgcov.a
END GROUP
                0x40000000                _heap_end = 0x40000000
                0x3ff80000                _data_seg_org = ORIGIN (rtc_data_seg)

.rtc.text       0x400c0000        0x0
                0x400c0000                . = ALIGN (0x4)
 *(.rtc.literal .rtc.text)
 *rtc_wake_stub*.*(.literal .text .literal.* .text.*)
                0x400c0000                _rtc_text_end = ABSOLUTE (.)

.rtc.dummy      0x3ff80000        0x0
                0x3ff80000                _rtc_dummy_start = ABSOLUTE (.)
                0x3ff80000                _rtc_fast_start = ABSOLUTE (.)
                0x00000000                . = SIZEOF (.rtc.text)
                0x00000000                _rtc_dummy_end = ABSOLUTE (.)

.rtc.force_fast
                0x3ff80000        0x0
                0x3ff80000                . = ALIGN (0x4)
                0x3ff80000                _rtc_force_fast_start = ABSOLUTE (.)
 *(.rtc.force_fast .rtc.force_fast.*)
                0x3ff80000                . = ALIGN (0x4)
                0x3ff80000                _rtc_force_fast_end = ABSOLUTE (.)

.rtc.data       0x50000000        0x0
                0x50000000                _rtc_data_start = ABSOLUTE (.)
 *(.rtc.data)
 *(.rtc.rodata)
 *rtc_wake_stub*.*(.data .rodata .data.* .rodata.* .bss .bss.*)
                0x50000000                _rtc_data_end = ABSOLUTE (.)

.rtc.bss        0x50000000        0x0
                0x50000000                _rtc_bss_start = ABSOLUTE (.)
 *rtc_wake_stub*.*(.bss .bss.*)
 *rtc_wake_stub*.*(COMMON)
 *(.rtc.bss)
                0x50000000                _rtc_bss_end = ABSOLUTE (.)

.rtc_noinit     0x50000000        0x0
                0x50000000                . = ALIGN (0x4)
                0x50000000                _rtc_noinit_start = ABSOLUTE (.)
 *(.rtc_noinit .rtc_noinit.*)
                0x50000000                . = ALIGN (0x4)
                0x50000000                _rtc_noinit_end = ABSOLUTE (.)

.rtc.force_slow
                0x50000000        0x0
                0x50000000                . = ALIGN (0x4)
                0x50000000                _rtc_force_slow_start = ABSOLUTE (.)
 *(.rtc.force_slow .rtc.force_slow.*)
                0x50000000                . = ALIGN (0x4)
                0x50000000                _rtc_force_slow_end = ABSOLUTE (.)
                0x00000000                _rtc_slow_length = (ORIGIN (rtc_slow_seg) == ORIGIN (rtc_data_location))?(_rtc_force_slow_end - _rtc_data_start):(_rtc_force_slow_end - _rtc_force_slow_start)
                0x00000000                _rtc_fast_length = (ORIGIN (rtc_slow_seg) == ORIGIN (rtc_data_location))?(_rtc_force_fast_end - _rtc_fast_start):(_rtc_noinit_end - _rtc_fast_start)
                0x00000001                ASSERT ((_rtc_slow_length <= 0x1000), RTC_SLOW segment data does not fit.)
                0x00000001                ASSERT ((_rtc_fast_length <= 0x2000), RTC_FAST segment data does not fit.)

.iram0.vectors  0x40080000      0x400
                0x40080000                _iram_start = ABSOLUTE (.)
                0x40080000                _init_start = ABSOLUTE (.)
                0x00000000                . = 0x0
 *(.WindowVectors.text)
 .WindowVectors.text
                0x40080000      0x16a C:/Users/dongh/Documents/GitHub/esp_peripheral/build/freertos\libfreertos.a(xtensa_vectors.o)
                0x40080000                _WindowOverflow4
                0x40080040                _WindowUnderflow4
                0x40080050                _xt_alloca_exc
                0x40080080                _WindowOverflow8
                0x400800c0                _WindowUnderflow8
                0x40080100                _WindowOverflow12
                0x40080140                _WindowUnderflow12
                0x00000180                . = 0x180
 *fill*         0x4008016a       0x16 
 *(.Level2InterruptVector.text)
 .Level2InterruptVector.text
                0x40080180        0x6 C:/Users/dongh/Documents/GitHub/esp_peripheral/build/freertos\libfreertos.a(xtensa_vectors.o)
                0x40080180                _Level2Vector
                0x000001c0                . = 0x1c0
 *fill*         0x40080186       0x3a 
 *(.Level3InterruptVector.text)
 .Level3InterruptVector.text
                0x400801c0        0x6 C:/Users/dongh/Documents/GitHub/esp_peripheral/build/freertos\libfreertos.a(xtensa_vectors.o)
                0x400801c0                _Level3Vector
                0x00000200                . = 0x200
 *fill*         0x400801c6       0x3a 
 *(.Level4InterruptVector.text)
 .Level4InterruptVector.text
                0x40080200        0x6 C:/Users/dongh/Documents/GitHub/esp_peripheral/build/freertos\libfreertos.a(xtensa_vectors.o)
                0x40080200                _Level4Vector
                0x00000240                . = 0x240
 *fill*         0x40080206       0x3a 
 *(.Level5InterruptVector.text)
 .Level5InterruptVector.text
                0x40080240        0x6 C:/Users/dongh/Documents/GitHub/esp_peripheral/build/freertos\libfreertos.a(xtensa_vectors.o)
                0x40080240                _Level5Vector
                0x00000280                . = 0x280
 *fill*         0x40080246       0x3a 
 *(.DebugExceptionVector.text)
 .DebugExceptionVector.text
                0x40080280        0x6 C:/Users/dongh/Documents/GitHub/esp_peripheral/build/freertos\libfreertos.a(xtensa_vectors.o)
                0x40080280                _DebugExceptionVector
                0x000002c0                . = 0x2c0
 *fill*         0x40080286       0x3a 
 *(.NMIExceptionVector.text)
 .NMIExceptionVector.text
                0x400802c0        0x6 C:/Users/dongh/Documents/GitHub/esp_peripheral/build/freertos\libfreertos.a(xtensa_vectors.o)
                0x400802c0                _NMIExceptionVector
                0x00000300                . = 0x300
 *fill*         0x400802c6       0x3a 
 *(.KernelExceptionVector.text)
 .KernelExceptionVector.text
                0x40080300        0x6 C:/Users/dongh/Documents/GitHub/esp_peripheral/build/freertos\libfreertos.a(xtensa_vectors.o)
                0x40080300                _KernelExceptionVector
                0x00000340                . = 0x340
 *fill*         0x40080306       0x3a 
 *(.UserExceptionVector.text)
 .UserExceptionVector.text
                0x40080340        0x6 C:/Users/dongh/Documents/GitHub/esp_peripheral/build/freertos\libfreertos.a(xtensa_vectors.o)
                0x40080340                _UserExceptionVector
                0x000003c0                . = 0x3c0
 *fill*         0x40080346       0x7a 
 *(.DoubleExceptionVector.text)
 .DoubleExceptionVector.text
                0x400803c0        0xf C:/Users/dongh/Documents/GitHub/esp_peripheral/build/freertos\libfreertos.a(xtensa_vectors.o)
                0x400803c0                _DoubleExceptionVector
                0x00000400                . = 0x400
 *fill*         0x400803cf       0x31 
 *(.*Vector.literal)
 *(.UserEnter.literal)
 *(.UserEnter.text)
                0x40080400                . = ALIGN (0x10)
 *(.entry.text)
 *(.init.literal)
 *(.init)
                0x40080400                _init_end = ABSOLUTE (.)

.iram0.text     0x40080400     0xa4ac
                0x40080400                _iram_text_start = ABSOLUTE (.)
 *(.iram1 .iram1.*)
 .iram1.literal
                0x40080400       0xb4 C:/Users/dongh/Documents/GitHub/esp_peripheral/build/esp32\libesp32.a(cpu_start.o)
                                0x1dc (size before relaxing)
 .iram1.literal
                0x400804b4       0x24 C:/Users/dongh/Documents/GitHub/esp_peripheral/build/esp32\libesp32.a(dport_panic_highint_hdl.o)
                                 0x28 (size before relaxing)
 .iram1.literal
                0x400804d8        0x8 C:/Users/dongh/Documents/GitHub/esp_peripheral/build/esp32\libesp32.a(int_wdt.o)
                                  0xc (size before relaxing)
 .iram1.literal
                0x400804e0       0x48 C:/Users/dongh/Documents/GitHub/esp_peripheral/build/esp32\libesp32.a(system_api.o)
                                 0xb8 (size before relaxing)
 .iram1.literal
                0x40080528       0x28 C:/Users/dongh/Documents/GitHub/esp_peripheral/build/esp32\libesp32.a(dport_access.o)
                                 0x88 (size before relaxing)
 .iram1.literal
                0x40080550       0x24 C:/Users/dongh/Documents/GitHub/esp_peripheral/build/esp32\libesp32.a(esp_timer.o)
                                 0x60 (size before relaxing)
 .iram1.literal
                0x40080574       0x20 C:/Users/dongh/Documents/GitHub/esp_peripheral/build/esp32\libesp32.a(intr_alloc.o)
                                 0x7c (size before relaxing)
 .iram1.literal
                0x40080594       0x20 C:/Users/dongh/Documents/GitHub/esp_peripheral/build/esp32\libesp32.a(ipc.o)
                                 0x34 (size before relaxing)
 .iram1.literal
                0x400805b4        0xc C:/Users/dongh/Documents/GitHub/esp_peripheral/build/esp32\libesp32.a(cache_err_int.o)
                                 0x18 (size before relaxing)
 .iram1.literal
                0x400805c0        0x4 C:/Users/dongh/Documents/GitHub/esp_peripheral/build/esp32\libesp32.a(freertos_hooks.o)
 .iram1.literal
                0x400805c4        0xc C:/Users/dongh/Documents/GitHub/esp_peripheral/build/esp32\libesp32.a(clk.o)
                                 0x20 (size before relaxing)
 .iram1.literal
                0x400805d0       0x60 C:/Users/dongh/Documents/GitHub/esp_peripheral/build/esp32\libesp32.a(esp_timer_esp32.o)
                                 0xf8 (size before relaxing)
 .iram1.literal
                0x40080630       0x1c C:/Users/dongh/Documents/GitHub/esp_peripheral/build/esp32\libesp32.a(crosscore_int.o)
                                 0x40 (size before relaxing)
 .iram1.literal
                0x4008064c        0x4 C:/Users/dongh/Documents/GitHub/esp_peripheral/build/freertos\libfreertos.a(port.o)
 .iram1.literal
                0x40080650       0x44 C:/Users/dongh/Documents/GitHub/esp_peripheral/build/freertos\libfreertos.a(xtensa_vectors.o)
                                 0x68 (size before relaxing)
 .iram1.literal
                0x40080694       0x58 C:/Users/dongh/Documents/GitHub/esp_peripheral/build/heap\libheap.a(heap_caps.o)
                                 0xbc (size before relaxing)
 .iram1.literal
                0x400806ec       0x24 C:/Users/dongh/Documents/GitHub/esp_peripheral/build/log\liblog.a(log.o)
                                 0x48 (size before relaxing)
 .iram1.literal
                0x40080710       0x14 C:/Users/dongh/Documents/GitHub/esp_peripheral/build/newlib\libnewlib.a(locks.o)
                                 0x90 (size before relaxing)
 .iram1.literal
                0x40080724        0x4 C:/Users/dongh/Documents/GitHub/esp_peripheral/build/newlib\libnewlib.a(syscalls.o)
                                 0x14 (size before relaxing)
 .iram1.literal
                0x40080728        0x8 C:/Users/dongh/Documents/GitHub/esp_peripheral/build/newlib\libnewlib.a(reent_init.o)
                                 0x10 (size before relaxing)
 .iram1.literal
                0x40080730        0x4 C:/Users/dongh/Documents/GitHub/esp_peripheral/build/newlib\libnewlib.a(time.o)
                                 0x1c (size before relaxing)
 .iram1.literal
                0x40080734       0x1c C:/Users/dongh/Documents/GitHub/esp_peripheral/build/soc\libsoc.a(cpu_util.o)
                                 0x30 (size before relaxing)
 .iram1.literal
                0x40080750       0x38 C:/Users/dongh/Documents/GitHub/esp_peripheral/build/spi_flash\libspi_flash.a(flash_ops.o)
                                 0xd8 (size before relaxing)
 .iram1.literal
                0x40080788       0x50 C:/Users/dongh/Documents/GitHub/esp_peripheral/build/spi_flash\libspi_flash.a(cache_utils.o)
                                0x120 (size before relaxing)
 .iram1.literal
                0x400807d8       0x50 C:/Users/dongh/Documents/GitHub/esp_peripheral/build/spi_flash\libspi_flash.a(flash_mmap.o)
                                0x170 (size before relaxing)
 .iram1.literal
                0x40080828       0xe8 C:/Users/dongh/Documents/GitHub/esp_peripheral/build/driver\libdriver.a(spi_master.o)
                                0x24c (size before relaxing)
 .iram1.literal
                0x40080910       0x24 C:/Users/dongh/Documents/GitHub/esp_peripheral/build/driver\libdriver.a(spi_common.o)
                                 0x70 (size before relaxing)
 .literal.prvGetFreeSize
                0x40080934        0xc C:/Users/dongh/Documents/GitHub/esp_peripheral/build/esp_ringbuf\libesp_ringbuf.a(ringbuf.o)
                                 0x14 (size before relaxing)
 .literal.prvReceiveGeneric
                0x40080940        0x4 C:/Users/dongh/Documents/GitHub/esp_peripheral/build/esp_ringbuf\libesp_ringbuf.a(ringbuf.o)
                                 0x3c (size before relaxing)
 .literal.xRingbufferSend
                0x40080944        0x4 C:/Users/dongh/Documents/GitHub/esp_peripheral/build/esp_ringbuf\libesp_ringbuf.a(ringbuf.o)
                                 0x40 (size before relaxing)
 .literal.xRingbufferReceive
                0x40080948        0x4 C:/Users/dongh/Documents/GitHub/esp_peripheral/build/esp_ringbuf\libesp_ringbuf.a(ringbuf.o)
                                 0x18 (size before relaxing)
 .literal.vRingbufferReturnItem
                0x4008094c        0x4 C:/Users/dongh/Documents/GitHub/esp_peripheral/build/esp_ringbuf\libesp_ringbuf.a(ringbuf.o)
                                 0x28 (size before relaxing)
 .literal.prvResetNextTaskUnblockTime
                0x40080950        0x8 C:/Users/dongh/Documents/GitHub/esp_peripheral/build/freertos\libfreertos.a(tasks.o)
 .literal.prvDeleteTLS
                0x40080958       0x10 C:/Users/dongh/Documents/GitHub/esp_peripheral/build/freertos\libfreertos.a(tasks.o)
                                 0x18 (size before relaxing)
 .literal.prvInitialiseNewTask
                0x40080968        0x0 C:/Users/dongh/Documents/GitHub/esp_peripheral/build/freertos\libfreertos.a(tasks.o)
                                 0x18 (size before relaxing)
 .literal.prvInitialiseTaskLists
                0x40080968       0x20 C:/Users/dongh/Documents/GitHub/esp_peripheral/build/freertos\libfreertos.a(tasks.o)
                                 0x40 (size before relaxing)
 .literal.prvDeleteTCB
                0x40080988        0x8 C:/Users/dongh/Documents/GitHub/esp_peripheral/build/freertos\libfreertos.a(tasks.o)
                                 0x2c (size before relaxing)
 .literal.prvAddCurrentTaskToDelayedList
                0x40080990        0x4 C:/Users/dongh/Documents/GitHub/esp_peripheral/build/freertos\libfreertos.a(tasks.o)
                                 0x1c (size before relaxing)
 .literal.taskYIELD_OTHER_CORE
                0x40080994        0x0 C:/Users/dongh/Documents/GitHub/esp_peripheral/build/freertos\libfreertos.a(tasks.o)
                                 0x10 (size before relaxing)
 .literal.vTaskSuspendAll
                0x40080994        0x4 C:/Users/dongh/Documents/GitHub/esp_peripheral/build/freertos\libfreertos.a(tasks.o)
                                  0x8 (size before relaxing)
 .literal.xTaskGetTickCount
                0x40080998        0x0 C:/Users/dongh/Documents/GitHub/esp_peripheral/build/freertos\libfreertos.a(tasks.o)
                                  0x4 (size before relaxing)
 .literal.xTaskGetIdleTaskHandleForCPU
                0x40080998        0xc C:/Users/dongh/Documents/GitHub/esp_peripheral/build/freertos\libfreertos.a(tasks.o)
                                 0x1c (size before relaxing)
 .literal.vTaskSwitchContext
                0x400809a4       0x18 C:/Users/dongh/Documents/GitHub/esp_peripheral/build/freertos\libfreertos.a(tasks.o)
                                 0x3c (size before relaxing)
 .literal.vTaskSetTimeOutState
                0x400809bc        0xc C:/Users/dongh/Documents/GitHub/esp_peripheral/build/freertos\libfreertos.a(tasks.o)
                                 0x20 (size before relaxing)
 .literal.xTaskGetCurrentTaskHandle
                0x400809c8        0x0 C:/Users/dongh/Documents/GitHub/esp_peripheral/build/freertos\libfreertos.a(tasks.o)
                                  0x8 (size before relaxing)
 .literal.__getreent
                0x400809c8        0x0 C:/Users/dongh/Documents/GitHub/esp_peripheral/build/freertos\libfreertos.a(tasks.o)
                                  0x8 (size before relaxing)
 .literal.pcTaskGetTaskName
                0x400809c8        0x8 C:/Users/dongh/Documents/GitHub/esp_peripheral/build/freertos\libfreertos.a(tasks.o)
                                 0x1c (size before relaxing)
 .literal.xTaskGetAffinity
                0x400809d0        0x0 C:/Users/dongh/Documents/GitHub/esp_peripheral/build/freertos\libfreertos.a(tasks.o)
                                  0x4 (size before relaxing)
 .literal.xTaskGetCurrentTaskHandleForCPU
                0x400809d0        0x0 C:/Users/dongh/Documents/GitHub/esp_peripheral/build/freertos\libfreertos.a(tasks.o)
                                  0x4 (size before relaxing)
 .literal.xTaskGetSchedulerState
                0x400809d0        0x4 C:/Users/dongh/Documents/GitHub/esp_peripheral/build/freertos\libfreertos.a(tasks.o)
                                  0xc (size before relaxing)
 .literal.vTaskEnterCritical
                0x400809d4       0x20 C:/Users/dongh/Documents/GitHub/esp_peripheral/build/freertos\libfreertos.a(tasks.o)
                                 0x34 (size before relaxing)
 .literal.vTaskExitCritical
                0x400809f4        0xc C:/Users/dongh/Documents/GitHub/esp_peripheral/build/freertos\libfreertos.a(tasks.o)
                                 0x28 (size before relaxing)
 .literal.prvAddNewTaskToReadyList
                0x40080a00       0x10 C:/Users/dongh/Documents/GitHub/esp_peripheral/build/freertos\libfreertos.a(tasks.o)
                                 0x58 (size before relaxing)
 .literal.xTaskCreatePinnedToCore
                0x40080a10        0x0 C:/Users/dongh/Documents/GitHub/esp_peripheral/build/freertos\libfreertos.a(tasks.o)
                                 0x18 (size before relaxing)
 .literal.vTaskStartScheduler
                0x40080a10       0x10 C:/Users/dongh/Documents/GitHub/esp_peripheral/build/freertos\libfreertos.a(tasks.o)
                                 0x3c (size before relaxing)
 .literal.vTaskDelete
                0x40080a20        0x8 C:/Users/dongh/Documents/GitHub/esp_peripheral/build/freertos\libfreertos.a(tasks.o)
                                 0x60 (size before relaxing)
 .literal.vTaskDelay
                0x40080a28        0x4 C:/Users/dongh/Documents/GitHub/esp_peripheral/build/freertos\libfreertos.a(tasks.o)
                                 0x38 (size before relaxing)
 .literal.uxTaskPriorityGet
                0x40080a2c        0x0 C:/Users/dongh/Documents/GitHub/esp_peripheral/build/freertos\libfreertos.a(tasks.o)
                                 0x10 (size before relaxing)
 .literal.vTaskPrioritySet
                0x40080a2c        0x4 C:/Users/dongh/Documents/GitHub/esp_peripheral/build/freertos\libfreertos.a(tasks.o)
                                 0x44 (size before relaxing)
 .literal.prvCheckTasksWaitingTermination
                0x40080a30        0x8 C:/Users/dongh/Documents/GitHub/esp_peripheral/build/freertos\libfreertos.a(tasks.o)
                                 0x30 (size before relaxing)
 .literal.prvIdleTask
                0x40080a38        0x0 C:/Users/dongh/Documents/GitHub/esp_peripheral/build/freertos\libfreertos.a(tasks.o)
                                  0x8 (size before relaxing)
 .literal.xTaskIncrementTick
                0x40080a38        0xc C:/Users/dongh/Documents/GitHub/esp_peripheral/build/freertos\libfreertos.a(tasks.o)
                                 0x6c (size before relaxing)
 .literal.xTaskResumeAll
                0x40080a44        0x8 C:/Users/dongh/Documents/GitHub/esp_peripheral/build/freertos\libfreertos.a(tasks.o)
                                 0x5c (size before relaxing)
 .literal.vTaskPlaceOnEventList
                0x40080a4c        0x8 C:/Users/dongh/Documents/GitHub/esp_peripheral/build/freertos\libfreertos.a(tasks.o)
                                 0x40 (size before relaxing)
 .literal.vTaskPlaceOnEventListRestricted
                0x40080a54        0x8 C:/Users/dongh/Documents/GitHub/esp_peripheral/build/freertos\libfreertos.a(tasks.o)
                                 0x38 (size before relaxing)
 .literal.xTaskRemoveFromEventList
                0x40080a5c        0x8 C:/Users/dongh/Documents/GitHub/esp_peripheral/build/freertos\libfreertos.a(tasks.o)
                                 0x58 (size before relaxing)
 .literal.xTaskCheckForTimeOut
                0x40080a64        0xc C:/Users/dongh/Documents/GitHub/esp_peripheral/build/freertos\libfreertos.a(tasks.o)
                                 0x3c (size before relaxing)
 .literal.vTaskPriorityInherit
                0x40080a70        0x0 C:/Users/dongh/Documents/GitHub/esp_peripheral/build/freertos\libfreertos.a(tasks.o)
                                 0x28 (size before relaxing)
 .literal.xTaskPriorityDisinherit
                0x40080a70        0x8 C:/Users/dongh/Documents/GitHub/esp_peripheral/build/freertos\libfreertos.a(tasks.o)
                                 0x3c (size before relaxing)
 .literal.pvTaskIncrementMutexHeldCount
                0x40080a78        0x0 C:/Users/dongh/Documents/GitHub/esp_peripheral/build/freertos\libfreertos.a(tasks.o)
                                 0x10 (size before relaxing)
 .literal.vPortTaskWrapper
                0x40080a78        0x8 C:/Users/dongh/Documents/GitHub/esp_peripheral/build/freertos\libfreertos.a(port.o)
                                 0x18 (size before relaxing)
 .literal.pxPortInitialiseStack
                0x40080a80       0x14 C:/Users/dongh/Documents/GitHub/esp_peripheral/build/freertos\libfreertos.a(port.o)
                                 0x1c (size before relaxing)
 .literal.xPortStartScheduler
                0x40080a94        0x0 C:/Users/dongh/Documents/GitHub/esp_peripheral/build/freertos\libfreertos.a(port.o)
                                 0x14 (size before relaxing)
 .literal.xPortSysTickHandler
                0x40080a94        0x0 C:/Users/dongh/Documents/GitHub/esp_peripheral/build/freertos\libfreertos.a(port.o)
                                  0x8 (size before relaxing)
 .literal.vPortYieldOtherCore
                0x40080a94        0x0 C:/Users/dongh/Documents/GitHub/esp_peripheral/build/freertos\libfreertos.a(port.o)
                                  0x4 (size before relaxing)
 .literal.vPortReleaseTaskMPUSettings
                0x40080a94        0x0 C:/Users/dongh/Documents/GitHub/esp_peripheral/build/freertos\libfreertos.a(port.o)
                                  0x4 (size before relaxing)
 .literal.xPortInIsrContext
                0x40080a94        0x0 C:/Users/dongh/Documents/GitHub/esp_peripheral/build/freertos\libfreertos.a(port.o)
                                  0x8 (size before relaxing)
 .literal.vPortCPUInitializeMutex
                0x40080a94        0x0 C:/Users/dongh/Documents/GitHub/esp_peripheral/build/freertos\libfreertos.a(port.o)
                                  0x4 (size before relaxing)
 .literal.vPortCPUAcquireMutex
                0x40080a94       0x14 C:/Users/dongh/Documents/GitHub/esp_peripheral/build/freertos\libfreertos.a(port.o)
                                 0x30 (size before relaxing)
 .literal.vPortCPUReleaseMutex
                0x40080aa8        0xc C:/Users/dongh/Documents/GitHub/esp_peripheral/build/freertos\libfreertos.a(port.o)
                                 0x20 (size before relaxing)
 .literal._xt_tick_divisor_init
                0x40080ab4        0x8 C:/Users/dongh/Documents/GitHub/esp_peripheral/build/freertos\libfreertos.a(xtensa_init.o)
                                  0xc (size before relaxing)
 .literal.prvIsQueueFull
                0x40080abc        0x0 C:/Users/dongh/Documents/GitHub/esp_peripheral/build/freertos\libfreertos.a(queue.o)
                                  0x8 (size before relaxing)
 .literal.prvCopyDataToQueue
                0x40080abc        0x0 C:/Users/dongh/Documents/GitHub/esp_peripheral/build/freertos\libfreertos.a(queue.o)
                                  0xc (size before relaxing)
 .literal.prvNotifyQueueSetContainer
                0x40080abc       0x14 C:/Users/dongh/Documents/GitHub/esp_peripheral/build/freertos\libfreertos.a(queue.o)
                                 0x34 (size before relaxing)
 .literal.prvCopyDataFromQueue
                0x40080ad0        0x0 C:/Users/dongh/Documents/GitHub/esp_peripheral/build/freertos\libfreertos.a(queue.o)
                                  0x4 (size before relaxing)
 .literal.xQueueGenericReset
                0x40080ad0        0x4 C:/Users/dongh/Documents/GitHub/esp_peripheral/build/freertos\libfreertos.a(queue.o)
                                 0x30 (size before relaxing)
 .literal.prvInitialiseNewQueue
                0x40080ad4        0x0 C:/Users/dongh/Documents/GitHub/esp_peripheral/build/freertos\libfreertos.a(queue.o)
                                  0x4 (size before relaxing)
 .literal.xQueueGenericCreate
                0x40080ad4        0x4 C:/Users/dongh/Documents/GitHub/esp_peripheral/build/freertos\libfreertos.a(queue.o)
                                 0x1c (size before relaxing)
 .literal.xQueueGetMutexHolder
                0x40080ad8        0x0 C:/Users/dongh/Documents/GitHub/esp_peripheral/build/freertos\libfreertos.a(queue.o)
                                  0x8 (size before relaxing)
 .literal.xQueueCreateCountingSemaphore
                0x40080ad8        0x4 C:/Users/dongh/Documents/GitHub/esp_peripheral/build/freertos\libfreertos.a(queue.o)
                                 0x28 (size before relaxing)
 .literal.xQueueGenericSend
                0x40080adc        0x4 C:/Users/dongh/Documents/GitHub/esp_peripheral/build/freertos\libfreertos.a(queue.o)
                                 0x7c (size before relaxing)
 .literal.prvInitialiseMutex
                0x40080ae0        0x0 C:/Users/dongh/Documents/GitHub/esp_peripheral/build/freertos\libfreertos.a(queue.o)
                                  0x8 (size before relaxing)
 .literal.xQueueCreateMutex
                0x40080ae0        0x0 C:/Users/dongh/Documents/GitHub/esp_peripheral/build/freertos\libfreertos.a(queue.o)
                                  0x8 (size before relaxing)
 .literal.xQueueGiveMutexRecursive
                0x40080ae0        0x4 C:/Users/dongh/Documents/GitHub/esp_peripheral/build/freertos\libfreertos.a(queue.o)
                                 0x1c (size before relaxing)
 .literal.xQueueGenericSendFromISR
                0x40080ae4        0x4 C:/Users/dongh/Documents/GitHub/esp_peripheral/build/freertos\libfreertos.a(queue.o)
                                 0x3c (size before relaxing)
 .literal.xQueueGiveFromISR
                0x40080ae8        0x4 C:/Users/dongh/Documents/GitHub/esp_peripheral/build/freertos\libfreertos.a(queue.o)
                                 0x30 (size before relaxing)
 .literal.xQueueGenericReceive
                0x40080aec        0x4 C:/Users/dongh/Documents/GitHub/esp_peripheral/build/freertos\libfreertos.a(queue.o)
                                 0x78 (size before relaxing)
 .literal.xQueueTakeMutexRecursive
                0x40080af0        0x4 C:/Users/dongh/Documents/GitHub/esp_peripheral/build/freertos\libfreertos.a(queue.o)
                                 0x1c (size before relaxing)
 .literal.xQueueReceiveFromISR
                0x40080af4        0x4 C:/Users/dongh/Documents/GitHub/esp_peripheral/build/freertos\libfreertos.a(queue.o)
                                 0x30 (size before relaxing)
 .literal.uxQueueMessagesWaiting
                0x40080af8        0x4 C:/Users/dongh/Documents/GitHub/esp_peripheral/build/freertos\libfreertos.a(queue.o)
                                 0x1c (size before relaxing)
 .literal.vQueueDelete
                0x40080afc        0x4 C:/Users/dongh/Documents/GitHub/esp_peripheral/build/freertos\libfreertos.a(queue.o)
                                 0x18 (size before relaxing)
 .literal.vQueueWaitForMessageRestricted
                0x40080b00        0x0 C:/Users/dongh/Documents/GitHub/esp_peripheral/build/freertos\libfreertos.a(queue.o)
                                  0xc (size before relaxing)
 .literal.xt_unhandled_interrupt
                0x40080b00        0x4 C:/Users/dongh/Documents/GitHub/esp_peripheral/build/freertos\libfreertos.a(xtensa_intr.o)
                                  0x8 (size before relaxing)
 .literal.xt_set_interrupt_handler
                0x40080b04        0x8 C:/Users/dongh/Documents/GitHub/esp_peripheral/build/freertos\libfreertos.a(xtensa_intr.o)
                                  0xc (size before relaxing)
 .literal       0x40080b0c        0xc C:/Users/dongh/Documents/GitHub/esp_peripheral/build/freertos\libfreertos.a(portasm.o)
                                 0x54 (size before relaxing)
 .literal       0x40080b18        0x0 C:/Users/dongh/Documents/GitHub/esp_peripheral/build/freertos\libfreertos.a(xtensa_context.o)
                                 0x10 (size before relaxing)
 .literal.prvGetNextExpireTime
                0x40080b18        0x4 C:/Users/dongh/Documents/GitHub/esp_peripheral/build/freertos\libfreertos.a(timers.o)
 .literal.prvInsertTimerInActiveList
                0x40080b1c        0x4 C:/Users/dongh/Documents/GitHub/esp_peripheral/build/freertos\libfreertos.a(timers.o)
                                 0x10 (size before relaxing)
 .literal.prvCheckForValidListAndQueue
                0x40080b20       0x1c C:/Users/dongh/Documents/GitHub/esp_peripheral/build/freertos\libfreertos.a(timers.o)
                                 0x44 (size before relaxing)
 .literal.xTimerCreateTimerTask
                0x40080b3c        0xc C:/Users/dongh/Documents/GitHub/esp_peripheral/build/freertos\libfreertos.a(timers.o)
                                 0x2c (size before relaxing)
 .literal.xTimerGenericCommand
                0x40080b48        0x0 C:/Users/dongh/Documents/GitHub/esp_peripheral/build/freertos\libfreertos.a(timers.o)
                                 0x14 (size before relaxing)
 .literal.prvSwitchTimerLists
                0x40080b48        0x4 C:/Users/dongh/Documents/GitHub/esp_peripheral/build/freertos\libfreertos.a(timers.o)
                                 0x28 (size before relaxing)
 .literal.prvSampleTimeNow
                0x40080b4c        0x4 C:/Users/dongh/Documents/GitHub/esp_peripheral/build/freertos\libfreertos.a(timers.o)
                                  0xc (size before relaxing)
 .literal.prvProcessExpiredTimer
                0x40080b50        0x4 C:/Users/dongh/Documents/GitHub/esp_peripheral/build/freertos\libfreertos.a(timers.o)
                                 0x24 (size before relaxing)
 .literal.prvProcessTimerOrBlockTask
                0x40080b54        0x0 C:/Users/dongh/Documents/GitHub/esp_peripheral/build/freertos\libfreertos.a(timers.o)
                                 0x24 (size before relaxing)
 .literal.prvProcessReceivedCommands
                0x40080b54        0x8 C:/Users/dongh/Documents/GitHub/esp_peripheral/build/freertos\libfreertos.a(timers.o)
                                 0x40 (size before relaxing)
 .literal.prvTimerTask
                0x40080b5c        0x0 C:/Users/dongh/Documents/GitHub/esp_peripheral/build/freertos\libfreertos.a(timers.o)
                                  0xc (size before relaxing)
 .literal.get_prev_free_block
                0x40080b5c       0x10 C:/Users/dongh/Documents/GitHub/esp_peripheral/build/heap\libheap.a(multi_heap.o)
                                 0x28 (size before relaxing)
 .literal.split_if_necessary
                0x40080b6c       0x10 C:/Users/dongh/Documents/GitHub/esp_peripheral/build/heap\libheap.a(multi_heap.o)
                                 0x50 (size before relaxing)
 .literal.assert_valid_block
                0x40080b7c        0x0 C:/Users/dongh/Documents/GitHub/esp_peripheral/build/heap\libheap.a(multi_heap.o)
                                 0x2c (size before relaxing)
 .literal.merge_adjacent
                0x40080b7c        0x8 C:/Users/dongh/Documents/GitHub/esp_peripheral/build/heap\libheap.a(multi_heap.o)
                                 0x4c (size before relaxing)
 .literal.multi_heap_get_allocated_size_impl
                0x40080b84        0x0 C:/Users/dongh/Documents/GitHub/esp_peripheral/build/heap\libheap.a(multi_heap.o)
                                 0x10 (size before relaxing)
 .literal.multi_heap_malloc_impl
                0x40080b84        0x0 C:/Users/dongh/Documents/GitHub/esp_peripheral/build/heap\libheap.a(multi_heap.o)
                                 0x28 (size before relaxing)
 .literal.multi_heap_free_impl
                0x40080b84        0x0 C:/Users/dongh/Documents/GitHub/esp_peripheral/build/heap\libheap.a(multi_heap.o)
                                 0x50 (size before relaxing)
 .literal.multi_heap_realloc_impl
                0x40080b84        0x8 C:/Users/dongh/Documents/GitHub/esp_peripheral/build/heap\libheap.a(multi_heap.o)
                                 0x68 (size before relaxing)
 .literal.panicPutChar
                0x40080b8c        0x4 C:/Users/dongh/Documents/GitHub/esp_peripheral/build/esp32\libesp32.a(panic.o)
                                  0x8 (size before relaxing)
 .literal.panicPutStr
                0x40080b90        0x0 C:/Users/dongh/Documents/GitHub/esp_peripheral/build/esp32\libesp32.a(panic.o)
                                  0x4 (size before relaxing)
 .literal.panicPutHex
                0x40080b90        0x0 C:/Users/dongh/Documents/GitHub/esp_peripheral/build/esp32\libesp32.a(panic.o)
                                  0x8 (size before relaxing)
 .literal.panicPutDec
                0x40080b90        0x4 C:/Users/dongh/Documents/GitHub/esp_peripheral/build/esp32\libesp32.a(panic.o)
                                 0x10 (size before relaxing)
 .literal.illegal_instruction_helper
                0x40080b94       0x18 C:/Users/dongh/Documents/GitHub/esp_peripheral/build/esp32\libesp32.a(panic.o)
                                 0x3c (size before relaxing)
 .literal.reconfigureAllWdts
                0x40080bac        0xc C:/Users/dongh/Documents/GitHub/esp_peripheral/build/esp32\libesp32.a(panic.o)
                                 0x24 (size before relaxing)
 .literal.putEntry
                0x40080bb8        0xc C:/Users/dongh/Documents/GitHub/esp_peripheral/build/esp32\libesp32.a(panic.o)
                                 0x20 (size before relaxing)
 .literal.doBacktrace
                0x40080bc4       0x10 C:/Users/dongh/Documents/GitHub/esp_peripheral/build/esp32\libesp32.a(panic.o)
                                 0x24 (size before relaxing)
 .literal.invoke_abort
                0x40080bd4        0x4 C:/Users/dongh/Documents/GitHub/esp_peripheral/build/esp32\libesp32.a(panic.o)
                                  0x8 (size before relaxing)
 .literal.haltOtherCore
                0x40080bd8        0x0 C:/Users/dongh/Documents/GitHub/esp_peripheral/build/esp32\libesp32.a(panic.o)
                                  0x4 (size before relaxing)
 .literal.commonErrorHandler_dump
                0x40080bd8       0x2c C:/Users/dongh/Documents/GitHub/esp_peripheral/build/esp32\libesp32.a(panic.o)
                                 0x90 (size before relaxing)
 .literal.esp_panic_dig_reset
                0x40080c04        0x0 C:/Users/dongh/Documents/GitHub/esp_peripheral/build/esp32\libesp32.a(panic.o)
                                 0x18 (size before relaxing)
 .literal.commonErrorHandler
                0x40080c04        0x8 C:/Users/dongh/Documents/GitHub/esp_peripheral/build/esp32\libesp32.a(panic.o)
                                 0x4c (size before relaxing)
 .literal.esp_error_check_failed_print
                0x40080c0c       0x14 C:/Users/dongh/Documents/GitHub/esp_peripheral/build/esp32\libesp32.a(panic.o)
                                 0x2c (size before relaxing)
 .literal.abort
                0x40080c20        0x8 C:/Users/dongh/Documents/GitHub/esp_peripheral/build/esp32\libesp32.a(panic.o)
                                 0x18 (size before relaxing)
 .literal.vApplicationStackOverflowHook
                0x40080c28        0x8 C:/Users/dongh/Documents/GitHub/esp_peripheral/build/esp32\libesp32.a(panic.o)
                                 0x18 (size before relaxing)
 .literal.panicHandler
                0x40080c30       0x34 C:/Users/dongh/Documents/GitHub/esp_peripheral/build/esp32\libesp32.a(panic.o)
                                 0xa8 (size before relaxing)
 .literal.xt_unhandled_exception
                0x40080c64       0x18 C:/Users/dongh/Documents/GitHub/esp_peripheral/build/esp32\libesp32.a(panic.o)
                                 0x68 (size before relaxing)
 .literal._esp_error_check_failed
                0x40080c7c        0x4 C:/Users/dongh/Documents/GitHub/esp_peripheral/build/esp32\libesp32.a(panic.o)
                                  0xc (size before relaxing)
 .literal.rtc_clk_32k_enable_common
                0x40080c80       0x14 C:/Users/dongh/Documents/GitHub/esp_peripheral/build/soc\libsoc.a(rtc_clk.o)
 .literal.rtc_clk_bbpll_disable
                0x40080c94        0x8 C:/Users/dongh/Documents/GitHub/esp_peripheral/build/soc\libsoc.a(rtc_clk.o)
                                 0x10 (size before relaxing)
 .literal.rtc_clk_bbpll_enable
                0x40080c9c        0x8 C:/Users/dongh/Documents/GitHub/esp_peripheral/build/soc\libsoc.a(rtc_clk.o)
                                 0x1c (size before relaxing)
 .literal.rtc_clk_32k_enable
                0x40080ca4        0x8 C:/Users/dongh/Documents/GitHub/esp_peripheral/build/soc\libsoc.a(rtc_clk.o)
                                 0x10 (size before relaxing)
 .literal.rtc_clk_32k_enable_external
                0x40080cac        0x0 C:/Users/dongh/Documents/GitHub/esp_peripheral/build/soc\libsoc.a(rtc_clk.o)
                                  0x4 (size before relaxing)
 .literal.rtc_clk_8m_enable
                0x40080cac        0xc C:/Users/dongh/Documents/GitHub/esp_peripheral/build/soc\libsoc.a(rtc_clk.o)
                                 0x10 (size before relaxing)
 .literal.rtc_clk_slow_freq_set
                0x40080cb8        0x0 C:/Users/dongh/Documents/GitHub/esp_peripheral/build/soc\libsoc.a(rtc_clk.o)
                                  0xc (size before relaxing)
 .literal.rtc_clk_slow_freq_get
                0x40080cb8        0x0 C:/Users/dongh/Documents/GitHub/esp_peripheral/build/soc\libsoc.a(rtc_clk.o)
                                  0x4 (size before relaxing)
 .literal.rtc_clk_slow_freq_get_hz
                0x40080cb8        0x8 C:/Users/dongh/Documents/GitHub/esp_peripheral/build/soc\libsoc.a(rtc_clk.o)
                                 0x10 (size before relaxing)
 .literal.rtc_clk_fast_freq_set
                0x40080cc0        0x0 C:/Users/dongh/Documents/GitHub/esp_peripheral/build/soc\libsoc.a(rtc_clk.o)
                                  0xc (size before relaxing)
 .literal.rtc_clk_bbpll_configure
                0x40080cc0        0xc C:/Users/dongh/Documents/GitHub/esp_peripheral/build/soc\libsoc.a(rtc_clk.o)
                                 0x3c (size before relaxing)
 .literal.rtc_clk_xtal_freq_get
                0x40080ccc        0x8 C:/Users/dongh/Documents/GitHub/esp_peripheral/build/soc\libsoc.a(rtc_clk.o)
 .literal.rtc_clk_cpu_freq_mhz_to_config
                0x40080cd4        0x0 C:/Users/dongh/Documents/GitHub/esp_peripheral/build/soc\libsoc.a(rtc_clk.o)
                                  0x4 (size before relaxing)
 .literal.rtc_clk_cpu_freq_get_config
                0x40080cd4       0x10 C:/Users/dongh/Documents/GitHub/esp_peripheral/build/soc\libsoc.a(rtc_clk.o)
                                 0x34 (size before relaxing)
 .literal.rtc_clk_apb_freq_update
                0x40080ce4        0x4 C:/Users/dongh/Documents/GitHub/esp_peripheral/build/soc\libsoc.a(rtc_clk.o)
 .literal.rtc_clk_cpu_freq_to_xtal
                0x40080ce8        0xc C:/Users/dongh/Documents/GitHub/esp_peripheral/build/soc\libsoc.a(rtc_clk.o)
                                 0x30 (size before relaxing)
 .literal.rtc_clk_cpu_freq_set_xtal
                0x40080cf4        0x0 C:/Users/dongh/Documents/GitHub/esp_peripheral/build/soc\libsoc.a(rtc_clk.o)
                                 0x10 (size before relaxing)
 .literal.rtc_clk_cpu_freq_to_pll_mhz
                0x40080cf4        0x8 C:/Users/dongh/Documents/GitHub/esp_peripheral/build/soc\libsoc.a(rtc_clk.o)
                                 0x3c (size before relaxing)
 .literal.rtc_clk_cpu_freq_to_8m
                0x40080cfc        0x4 C:/Users/dongh/Documents/GitHub/esp_peripheral/build/soc\libsoc.a(rtc_clk.o)
                                 0x28 (size before relaxing)
 .literal.rtc_clk_cpu_freq_set_config
                0x40080d00        0x0 C:/Users/dongh/Documents/GitHub/esp_peripheral/build/soc\libsoc.a(rtc_clk.o)
                                 0x30 (size before relaxing)
 .literal.rtc_clk_apb_freq_get
                0x40080d00        0x4 C:/Users/dongh/Documents/GitHub/esp_peripheral/build/soc\libsoc.a(rtc_clk.o)
                                 0x10 (size before relaxing)
 .literal.rtc_clk_cal_internal
                0x40080d04       0x30 C:/Users/dongh/Documents/GitHub/esp_peripheral/build/soc\libsoc.a(rtc_time.o)
                                 0x68 (size before relaxing)
 .literal.rtc_clk_cal
                0x40080d34        0x0 C:/Users/dongh/Documents/GitHub/esp_peripheral/build/soc\libsoc.a(rtc_time.o)
                                  0xc (size before relaxing)
 .literal.rtc_time_get
                0x40080d34       0x10 C:/Users/dongh/Documents/GitHub/esp_peripheral/build/soc\libsoc.a(rtc_time.o)
                                 0x18 (size before relaxing)
 .literal.rtc_clk_wait_for_slow_cycle
                0x40080d44        0x8 C:/Users/dongh/Documents/GitHub/esp_peripheral/build/soc\libsoc.a(rtc_time.o)
                                 0x20 (size before relaxing)
 .literal.rtc_init
                0x40080d4c       0x58 C:/Users/dongh/Documents/GitHub/esp_peripheral/build/soc\libsoc.a(rtc_init.o)
                                 0xdc (size before relaxing)
 .literal.rtc_wdt_get_protect_status
                0x40080da4        0x8 C:/Users/dongh/Documents/GitHub/esp_peripheral/build/soc\libsoc.a(rtc_wdt.o)
 .literal.rtc_wdt_protect_off
                0x40080dac        0x0 C:/Users/dongh/Documents/GitHub/esp_peripheral/build/soc\libsoc.a(rtc_wdt.o)
                                  0x8 (size before relaxing)
 .literal.rtc_wdt_protect_on
                0x40080dac        0x0 C:/Users/dongh/Documents/GitHub/esp_peripheral/build/soc\libsoc.a(rtc_wdt.o)
                                  0x4 (size before relaxing)
 .literal.rtc_wdt_enable
                0x40080dac        0xc C:/Users/dongh/Documents/GitHub/esp_peripheral/build/soc\libsoc.a(rtc_wdt.o)
                                 0x10 (size before relaxing)
 .literal.rtc_wdt_flashboot_mode_enable
                0x40080db8        0x0 C:/Users/dongh/Documents/GitHub/esp_peripheral/build/soc\libsoc.a(rtc_wdt.o)
                                  0x4 (size before relaxing)
 .literal.rtc_wdt_feed
                0x40080db8        0x0 C:/Users/dongh/Documents/GitHub/esp_peripheral/build/soc\libsoc.a(rtc_wdt.o)
                                 0x14 (size before relaxing)
 .literal.rtc_wdt_set_time
                0x40080db8       0x14 C:/Users/dongh/Documents/GitHub/esp_peripheral/build/soc\libsoc.a(rtc_wdt.o)
                                 0x20 (size before relaxing)
 .literal.rtc_wdt_set_stage
                0x40080dcc        0x8 C:/Users/dongh/Documents/GitHub/esp_peripheral/build/soc\libsoc.a(rtc_wdt.o)
                                 0x14 (size before relaxing)
 .literal.rtc_wdt_disable
                0x40080dd4        0x0 C:/Users/dongh/Documents/GitHub/esp_peripheral/build/soc\libsoc.a(rtc_wdt.o)
                                 0x2c (size before relaxing)
 .literal.rtc_wdt_set_length_of_reset_signal
                0x40080dd4        0x4 C:/Users/dongh/Documents/GitHub/esp_peripheral/build/soc\libsoc.a(rtc_wdt.o)
                                  0xc (size before relaxing)
 .literal.rtc_wdt_is_on
                0x40080dd8        0x0 C:/Users/dongh/Documents/GitHub/esp_peripheral/build/soc\libsoc.a(rtc_wdt.o)
                                  0x4 (size before relaxing)
 .literal       0x40080dd8        0x0 C:/msys32/home/dongh/esp/esp-idf/components/esp32/libhal.a(windowspill_asm.o)
                                  0x4 (size before relaxing)
 .literal.esp_rom_spiflash_read_status
                0x40080dd8       0x10 C:/Users/dongh/Documents/GitHub/esp_peripheral/build/spi_flash\libspi_flash.a(spi_flash_rom_patch.o)
                                 0x14 (size before relaxing)
 .literal.esp_rom_spiflash_wait_idle
                0x40080de8        0x8 C:/Users/dongh/Documents/GitHub/esp_peripheral/build/spi_flash\libspi_flash.a(spi_flash_rom_patch.o)
                                  0xc (size before relaxing)
 .literal.esp_rom_spiflash_erase_block_internal
                0x40080df0        0x4 C:/Users/dongh/Documents/GitHub/esp_peripheral/build/spi_flash\libspi_flash.a(spi_flash_rom_patch.o)
                                 0x18 (size before relaxing)
 .literal.esp_rom_spiflash_erase_sector_internal
                0x40080df4        0x0 C:/Users/dongh/Documents/GitHub/esp_peripheral/build/spi_flash\libspi_flash.a(spi_flash_rom_patch.o)
                                 0x18 (size before relaxing)
 .literal.esp_rom_spiflash_read_data
                0x40080df4       0x1c C:/Users/dongh/Documents/GitHub/esp_peripheral/build/spi_flash\libspi_flash.a(spi_flash_rom_patch.o)
                                 0x34 (size before relaxing)
 .literal.esp_rom_spiflash_enable_write
                0x40080e10        0x0 C:/Users/dongh/Documents/GitHub/esp_peripheral/build/spi_flash\libspi_flash.a(spi_flash_rom_patch.o)
                                 0x10 (size before relaxing)
 .literal.esp_rom_spiflash_program_page_internal
                0x40080e10        0xc C:/Users/dongh/Documents/GitHub/esp_peripheral/build/spi_flash\libspi_flash.a(spi_flash_rom_patch.o)
                                 0x40 (size before relaxing)
 .literal.esp_rom_spiflash_read_statushigh
                0x40080e1c        0x4 C:/Users/dongh/Documents/GitHub/esp_peripheral/build/spi_flash\libspi_flash.a(spi_flash_rom_patch.o)
                                  0xc (size before relaxing)
 .literal.esp_rom_spiflash_write_status
                0x40080e20        0x4 C:/Users/dongh/Documents/GitHub/esp_peripheral/build/spi_flash\libspi_flash.a(spi_flash_rom_patch.o)
                                 0x14 (size before relaxing)
 .literal.esp_rom_spiflash_unlock
                0x40080e24        0x4 C:/Users/dongh/Documents/GitHub/esp_peripheral/build/spi_flash\libspi_flash.a(spi_flash_rom_patch.o)
                                 0x28 (size before relaxing)
 .literal.esp_rom_spiflash_erase_block
                0x40080e28        0xc C:/Users/dongh/Documents/GitHub/esp_peripheral/build/spi_flash\libspi_flash.a(spi_flash_rom_patch.o)
                                 0x20 (size before relaxing)
 .literal.esp_rom_spiflash_erase_sector
                0x40080e34        0x0 C:/Users/dongh/Documents/GitHub/esp_peripheral/build/spi_flash\libspi_flash.a(spi_flash_rom_patch.o)
                                 0x20 (size before relaxing)
 .literal.esp_rom_spiflash_write
                0x40080e34        0x0 C:/Users/dongh/Documents/GitHub/esp_peripheral/build/spi_flash\libspi_flash.a(spi_flash_rom_patch.o)
                                 0x28 (size before relaxing)
 .literal.esp_rom_spiflash_write_encrypted
                0x40080e34        0xc C:/Users/dongh/Documents/GitHub/esp_peripheral/build/spi_flash\libspi_flash.a(spi_flash_rom_patch.o)
                                 0x10 (size before relaxing)
 .literal.esp_rom_spiflash_read
                0x40080e40       0x2c C:/Users/dongh/Documents/GitHub/esp_peripheral/build/spi_flash\libspi_flash.a(spi_flash_rom_patch.o)
                                 0x5c (size before relaxing)
 .iram1         0x40080e6c      0x28e C:/Users/dongh/Documents/GitHub/esp_peripheral/build/esp32\libesp32.a(cpu_start.o)
                                0x346 (size before relaxing)
                0x40080e6c                start_cpu0_default
                0x40080e6c                start_cpu0
                0x40080f38                start_cpu1
                0x40080f38                start_cpu1_default
                0x40080fb8                call_start_cpu0
 *fill*         0x400810fa        0x2 
 .iram1         0x400810fc       0xda C:/Users/dongh/Documents/GitHub/esp_peripheral/build/esp32\libesp32.a(dport_panic_highint_hdl.o)
                0x400810fc                xt_highint4
                0x400811d6                ld_include_panic_highint_hdl
 *fill*         0x400811d6        0x2 
 .iram1         0x400811d8       0x53 C:/Users/dongh/Documents/GitHub/esp_peripheral/build/esp32\libesp32.a(int_wdt.o)
 *fill*         0x4008122b        0x1 
 .iram1         0x4008122c      0x195 C:/Users/dongh/Documents/GitHub/esp_peripheral/build/esp32\libesp32.a(system_api.o)
                                0x1e0 (size before relaxing)
                0x4008122c                esp_restart_noos
                0x400813a0                system_restart
                0x400813a0                esp_restart
 *fill*         0x400813c1        0x3 
 .iram1         0x400813c4      0x1e3 C:/Users/dongh/Documents/GitHub/esp_peripheral/build/esp32\libesp32.a(dport_access.o)
                                0x1ef (size before relaxing)
                0x400813c4                esp_dport_access_stall_other_cpu_start
                0x40081474                esp_dport_access_stall_other_cpu_end
                0x400814f0                esp_dport_access_stall_other_cpu_start_wrap
                0x400814f8                esp_dport_access_stall_other_cpu_end_wrap
                0x40081500                esp_dport_access_int_pause
                0x40081524                esp_dport_access_int_abort
                0x40081538                esp_dport_access_int_resume
                0x4008155c                esp_dport_access_reg_read
                0x40081574                esp_dport_access_sequence_reg_read
                0x40081580                esp_dport_access_read_buffer
 *fill*         0x400815a7        0x1 
 .iram1         0x400815a8      0x203 C:/Users/dongh/Documents/GitHub/esp_peripheral/build/esp32\libesp32.a(esp_timer.o)
                                0x21b (size before relaxing)
                0x400816c4                esp_timer_stop
                0x400816e8                esp_timer_get_next_alarm
                0x40081708                esp_timer_get_time
                0x40081718                esp_timer_start_once
                0x4008175c                esp_timer_start_periodic
 *fill*         0x400817ab        0x1 
 .iram1         0x400817ac      0x2b6 C:/Users/dongh/Documents/GitHub/esp_peripheral/build/esp32\libesp32.a(intr_alloc.o)
                                0x2ce (size before relaxing)
                0x400817e8                esp_intr_set_in_iram
                0x40081870                esp_intr_enable
                0x400818f8                esp_intr_disable
                0x400819c0                esp_intr_noniram_disable
                0x40081a0c                esp_intr_noniram_enable
                0x40081a4c                ets_isr_unmask
                0x40081a58                ets_isr_mask
 *fill*         0x40081a62        0x2 
 .iram1         0x40081a64       0x7f C:/Users/dongh/Documents/GitHub/esp_peripheral/build/esp32\libesp32.a(ipc.o)
                                 0x8b (size before relaxing)
 *fill*         0x40081ae3        0x1 
 .iram1         0x40081ae4       0x2c C:/Users/dongh/Documents/GitHub/esp_peripheral/build/esp32\libesp32.a(cache_err_int.o)
                                 0x34 (size before relaxing)
                0x40081ae4                esp_cache_err_get_cpuid
 .iram1         0x40081b10       0x27 C:/Users/dongh/Documents/GitHub/esp_peripheral/build/esp32\libesp32.a(freertos_hooks.o)
                0x40081b10                esp_vApplicationTickHook
 *fill*         0x40081b37        0x1 
 .iram1         0x40081b38       0x47 C:/Users/dongh/Documents/GitHub/esp_peripheral/build/esp32\libesp32.a(clk.o)
                                 0x4b (size before relaxing)
                0x40081b38                esp_clk_cpu_freq
                0x40081b48                esp_clk_apb_freq
                0x40081b60                esp_clk_xtal_freq
                0x40081b70                ets_update_cpu_frequency
 *fill*         0x40081b7f        0x1 
 .iram1         0x40081b80      0x4af C:/Users/dongh/Documents/GitHub/esp_peripheral/build/esp32\libesp32.a(esp_timer_esp32.o)
                                0x4bb (size before relaxing)
                0x40081ca4                esp_timer_impl_get_time
                0x40081e14                esp_timer_impl_set_alarm
                0x40081f5c                esp_timer_impl_update_apb_freq
                0x40082024                esp_timer_impl_get_min_period_us
 *fill*         0x4008202f        0x1 
 .iram1         0x40082030       0xb0 C:/Users/dongh/Documents/GitHub/esp_peripheral/build/esp32\libesp32.a(crosscore_int.o)
                                 0xc0 (size before relaxing)
                0x400820c8                esp_crosscore_int_send_yield
                0x400820d4                esp_crosscore_int_send_freq_switch
 .iram1         0x400820e0       0x1a C:/Users/dongh/Documents/GitHub/esp_peripheral/build/freertos\libfreertos.a(port.o)
                0x400820e0                xPortInterruptedFromISRContext
 *fill*         0x400820fa        0x2 
 .iram1         0x400820fc      0x4f8 C:/Users/dongh/Documents/GitHub/esp_peripheral/build/freertos\libfreertos.a(xtensa_vectors.o)
                0x400820fc                _xt_panic
                0x4008221c                _xt_user_exit
                0x40082530                _xt_medint2_exit
                0x400825e0                _xt_medint3_exit
 .iram1         0x400825f4      0x411 C:/Users/dongh/Documents/GitHub/esp_peripheral/build/heap\libheap.a(heap_caps.o)
                                0x431 (size before relaxing)
                0x4008268c                heap_caps_malloc
                0x4008273c                heap_caps_malloc_default
                0x40082780                heap_caps_malloc_prefer
                0x400827d8                heap_caps_free
                0x40082810                heap_caps_realloc
                0x400828c4                heap_caps_realloc_default
                0x4008291c                heap_caps_realloc_prefer
                0x40082980                heap_caps_calloc
                0x400829b0                heap_caps_calloc_prefer
 *fill*         0x40082a05        0x3 
 .iram1         0x40082a08      0x18a C:/Users/dongh/Documents/GitHub/esp_peripheral/build/log\liblog.a(log.o)
                                0x19a (size before relaxing)
                0x40082a08                esp_log_write
                0x40082b38                esp_log_early_timestamp
                0x40082b54                esp_log_timestamp
 *fill*         0x40082b92        0x2 
 .iram1         0x40082b94      0x1cc C:/Users/dongh/Documents/GitHub/esp_peripheral/build/newlib\libnewlib.a(locks.o)
                                0x210 (size before relaxing)
                0x40082cac                _lock_init
                0x40082cbc                _lock_init_recursive
                0x40082ccc                _lock_close
                0x40082ccc                _lock_close_recursive
                0x40082d08                _lock_acquire
                0x40082d18                _lock_acquire_recursive
                0x40082d28                _lock_try_acquire
                0x40082d38                _lock_try_acquire_recursive
                0x40082d48                _lock_release
                0x40082d54                _lock_release_recursive
 .iram1         0x40082d60       0x5a C:/Users/dongh/Documents/GitHub/esp_peripheral/build/newlib\libnewlib.a(syscalls.o)
                                 0x62 (size before relaxing)
                0x40082d60                _malloc_r
                0x40082d6c                _free_r
                0x40082d78                _realloc_r
                0x40082d8c                _calloc_r
 *fill*         0x40082dba        0x2 
 .iram1         0x40082dbc       0x3c C:/Users/dongh/Documents/GitHub/esp_peripheral/build/newlib\libnewlib.a(reent_init.o)
                0x40082dbc                esp_reent_init
 .iram1         0x40082df8       0x70 C:/Users/dongh/Documents/GitHub/esp_peripheral/build/newlib\libnewlib.a(time.o)
                                 0x74 (size before relaxing)
                0x40082df8                _gettimeofday_r
                0x40082e40                _times_r
 .iram1         0x40082e68      0x11a C:/Users/dongh/Documents/GitHub/esp_peripheral/build/soc\libsoc.a(cpu_util.o)
                0x40082e68                esp_cpu_stall
                0x40082efc                esp_cpu_unstall
                0x40082f50                esp_cpu_reset
                0x40082f74                esp_cpu_in_ocd_debug_mode
 *fill*         0x40082f82        0x2 
 .iram1         0x40082f84      0x74a C:/Users/dongh/Documents/GitHub/esp_peripheral/build/spi_flash\libspi_flash.a(flash_ops.o)
                                0x76a (size before relaxing)
                0x40082ff4                spi_flash_guard_set
                0x40083000                spi_flash_guard_get
                0x4008300c                spi_flash_get_chip_size
                0x40083018                spi_flash_erase_range
                0x400830d8                spi_flash_erase_sector
                0x40083108                spi_flash_write
                0x400832dc                spi_flash_read
                0x40083574                spi_flash_read_encrypted
                0x400835bc                spi_flash_write_encrypted
 *fill*         0x400836ce        0x2 
 .iram1         0x400836d0      0x2f4 C:/Users/dongh/Documents/GitHub/esp_peripheral/build/spi_flash\libspi_flash.a(cache_utils.o)
                                0x340 (size before relaxing)
                0x40083734                spi_flash_op_block_func
                0x400837e0                spi_flash_disable_interrupts_caches_and_other_cpu
                0x400838c0                spi_flash_enable_interrupts_caches_and_other_cpu
                0x40083958                spi_flash_disable_interrupts_caches_and_other_cpu_no_os
                0x40083984                spi_flash_enable_interrupts_caches_no_os
                0x400839a0                spi_flash_cache_enabled
 .iram1         0x400839c4      0x5c3 C:/Users/dongh/Documents/GitHub/esp_peripheral/build/spi_flash\libspi_flash.a(flash_mmap.o)
                                0x60f (size before relaxing)
                0x40083b18                spi_flash_mmap_pages
                0x40083d5c                spi_flash_mmap
                0x40083dd0                spi_flash_munmap
                0x40083e74                spi_flash_mmap_get_free_pages
                0x40083ec8                spi_flash_mark_modified_region
                0x40083f14                spi_flash_phys2cache
 *fill*         0x40083f87        0x1 
 .iram1         0x40083f88     0x104c C:/Users/dongh/Documents/GitHub/esp_peripheral/build/driver\libdriver.a(spi_master.o)
                               0x10f8 (size before relaxing)
                0x40084e0c                spi_device_polling_start
                0x40084f20                spi_device_polling_end
                0x40084fb0                spi_device_polling_transmit
 .iram1         0x40084fd4      0x1d3 C:/Users/dongh/Documents/GitHub/esp_peripheral/build/driver\libdriver.a(spi_common.o)
                                0x1e3 (size before relaxing)
                0x40084fd4                spicommon_setup_dma_desc_links
                0x400850dc                spicommon_dmaworkaround_req_reset
                0x4008512c                spicommon_dmaworkaround_reset_in_progress
                0x40085140                spicommon_dmaworkaround_idle
                0x40085184                spicommon_dmaworkaround_transfer_active
 *fill*         0x400851a7        0x1 
 .iram1         0x400851a8       0x20 C:/Users/dongh/Documents/GitHub/esp_peripheral/build/esp32\libesp32.a(dbg_stubs.o)
 *fill*         0x400851c8        0x0 
 *fill*         0x400851c8        0x0 
 *fill*         0x400851c8        0x0 
 *fill*         0x400851c8        0x0 
 *fill*         0x400851c8        0x0 
 *fill*         0x400851c8        0x0 
 *fill*         0x400851c8        0x0 
 *fill*         0x400851c8        0x0 
 *fill*         0x400851c8        0x0 
 *fill*         0x400851c8        0x0 
 .iram1         0x400851c8       0x2e C:/Users/dongh/Documents/GitHub/esp_peripheral/build/freertos\libfreertos.a(xtensa_vector_defaults.o)
                0x400851c8                xt_debugexception
                0x400851e8                xt_highint5
                0x400851f0                xt_nmi
                0x400851f0                _xt_nmi
 *fill*         0x400851f6        0x0 
 *fill*         0x400851f6        0x0 
 *fill*         0x400851f6        0x0 
 *fill*         0x400851f6        0x0 
 *fill*         0x400851f6        0x0 
 *fill*         0x400851f6        0x0 
 *fill*         0x400851f6        0x0 
 *libesp_ringbuf.a:(.literal .text .literal.* .text.*)
 *fill*         0x400851f6        0x2 
 .text.prvGetFreeSize
                0x400851f8       0x3c C:/Users/dongh/Documents/GitHub/esp_peripheral/build/esp_ringbuf\libesp_ringbuf.a(ringbuf.o)
                                 0x40 (size before relaxing)
 .text.prvReceiveGeneric
                0x40085234      0x128 C:/Users/dongh/Documents/GitHub/esp_peripheral/build/esp_ringbuf\libesp_ringbuf.a(ringbuf.o)
                                0x13c (size before relaxing)
 .text.xRingbufferSend
                0x4008535c       0xfd C:/Users/dongh/Documents/GitHub/esp_peripheral/build/esp_ringbuf\libesp_ringbuf.a(ringbuf.o)
                                0x111 (size before relaxing)
                0x4008535c                xRingbufferSend
 *fill*         0x40085459        0x3 
 .text.xRingbufferReceive
                0x4008545c       0x45 C:/Users/dongh/Documents/GitHub/esp_peripheral/build/esp_ringbuf\libesp_ringbuf.a(ringbuf.o)
                0x4008545c                xRingbufferReceive
 *fill*         0x400854a1        0x3 
 .text.vRingbufferReturnItem
                0x400854a4       0x5a C:/Users/dongh/Documents/GitHub/esp_peripheral/build/esp_ringbuf\libesp_ringbuf.a(ringbuf.o)
                                 0x66 (size before relaxing)
                0x400854a4                vRingbufferReturnItem
 *fill*         0x400854fe        0x2 
 .text.prvCheckItemAvail
                0x40085500       0x34 C:/Users/dongh/Documents/GitHub/esp_peripheral/build/esp_ringbuf\libesp_ringbuf.a(ringbuf.o)
 *fill*         0x40085534        0x0 
 *fill*         0x40085534        0x0 
 *libfreertos.a:(.literal .text .literal.* .text.*)
 .text.prvResetNextTaskUnblockTime
                0x40085534       0x34 C:/Users/dongh/Documents/GitHub/esp_peripheral/build/freertos\libfreertos.a(tasks.o)
 .text.prvDeleteTLS
                0x40085568       0x40 C:/Users/dongh/Documents/GitHub/esp_peripheral/build/freertos\libfreertos.a(tasks.o)
 .text.prvInitialiseNewTask
                0x400855a8       0xc4 C:/Users/dongh/Documents/GitHub/esp_peripheral/build/freertos\libfreertos.a(tasks.o)
                                 0xd0 (size before relaxing)
 .text.prvInitialiseTaskLists
                0x4008566c       0x5a C:/Users/dongh/Documents/GitHub/esp_peripheral/build/freertos\libfreertos.a(tasks.o)
                                 0x6e (size before relaxing)
 *fill*         0x400856c6        0x2 
 .text.prvDeleteTCB
                0x400856c8       0x56 C:/Users/dongh/Documents/GitHub/esp_peripheral/build/freertos\libfreertos.a(tasks.o)
                                 0x5d (size before relaxing)
 *fill*         0x4008571e        0x2 
 .text.prvAddCurrentTaskToDelayedList
                0x40085720       0x66 C:/Users/dongh/Documents/GitHub/esp_peripheral/build/freertos\libfreertos.a(tasks.o)
                                 0x6a (size before relaxing)
 *fill*         0x40085786        0x2 
 .text.taskYIELD_OTHER_CORE
                0x40085788       0x53 C:/Users/dongh/Documents/GitHub/esp_peripheral/build/freertos\libfreertos.a(tasks.o)
                0x40085788                taskYIELD_OTHER_CORE
 *fill*         0x400857db        0x1 
 .text.vTaskSuspendAll
                0x400857dc       0x26 C:/Users/dongh/Documents/GitHub/esp_peripheral/build/freertos\libfreertos.a(tasks.o)
                0x400857dc                vTaskSuspendAll
 *fill*         0x40085802        0x2 
 .text.xTaskGetTickCount
                0x40085804        0xd C:/Users/dongh/Documents/GitHub/esp_peripheral/build/freertos\libfreertos.a(tasks.o)
                0x40085804                xTaskGetTickCount
 *fill*         0x40085811        0x3 
 .text.xTaskGetIdleTaskHandleForCPU
                0x40085814       0x2a C:/Users/dongh/Documents/GitHub/esp_peripheral/build/freertos\libfreertos.a(tasks.o)
                                 0x2e (size before relaxing)
                0x40085814                xTaskGetIdleTaskHandleForCPU
 *fill*         0x4008583e        0x2 
 .text.vTaskSwitchContext
                0x40085840      0x2a2 C:/Users/dongh/Documents/GitHub/esp_peripheral/build/freertos\libfreertos.a(tasks.o)
                                0x2ae (size before relaxing)
                0x40085840                vTaskSwitchContext
 *fill*         0x40085ae2        0x2 
 .text.vTaskSetTimeOutState
                0x40085ae4       0x34 C:/Users/dongh/Documents/GitHub/esp_peripheral/build/freertos\libfreertos.a(tasks.o)
                0x40085ae4                vTaskSetTimeOutState
 .text.xTaskGetCurrentTaskHandle
                0x40085b18       0x1f C:/Users/dongh/Documents/GitHub/esp_peripheral/build/freertos\libfreertos.a(tasks.o)
                0x40085b18                xTaskGetCurrentTaskHandle
 *fill*         0x40085b37        0x1 
 .text.__getreent
                0x40085b38       0x19 C:/Users/dongh/Documents/GitHub/esp_peripheral/build/freertos\libfreertos.a(tasks.o)
                0x40085b38                __getreent
 *fill*         0x40085b51        0x3 
 .text.pcTaskGetTaskName
                0x40085b54       0x2a C:/Users/dongh/Documents/GitHub/esp_peripheral/build/freertos\libfreertos.a(tasks.o)
                                 0x2d (size before relaxing)
                0x40085b54                pcTaskGetTaskName
 *fill*         0x40085b7e        0x2 
 .text.xTaskGetAffinity
                0x40085b80       0x10 C:/Users/dongh/Documents/GitHub/esp_peripheral/build/freertos\libfreertos.a(tasks.o)
                                 0x13 (size before relaxing)
                0x40085b80                xTaskGetAffinity
 *fill*         0x40085b90        0x0 
 .text.xTaskGetCurrentTaskHandleForCPU
                0x40085b90       0x17 C:/Users/dongh/Documents/GitHub/esp_peripheral/build/freertos\libfreertos.a(tasks.o)
                0x40085b90                xTaskGetCurrentTaskHandleForCPU
 *fill*         0x40085ba7        0x1 
 .text.xTaskGetSchedulerState
                0x40085ba8       0x37 C:/Users/dongh/Documents/GitHub/esp_peripheral/build/freertos\libfreertos.a(tasks.o)
                0x40085ba8                xTaskGetSchedulerState
 *fill*         0x40085bdf        0x1 
 .text.vTaskEnterCritical
                0x40085be0       0xac C:/Users/dongh/Documents/GitHub/esp_peripheral/build/freertos\libfreertos.a(tasks.o)
                                 0xb3 (size before relaxing)
                0x40085be0                vTaskEnterCritical
 *fill*         0x40085c8c        0x0 
 .text.vTaskExitCritical
                0x40085c8c       0x77 C:/Users/dongh/Documents/GitHub/esp_peripheral/build/freertos\libfreertos.a(tasks.o)
                0x40085c8c                vTaskExitCritical
 *fill*         0x40085d03        0x1 
 .text.prvAddNewTaskToReadyList
                0x40085d04      0x160 C:/Users/dongh/Documents/GitHub/esp_peripheral/build/freertos\libfreertos.a(tasks.o)
                                0x173 (size before relaxing)
 *fill*         0x40085e64        0x0 
 .text.xTaskCreatePinnedToCore
                0x40085e64       0x6e C:/Users/dongh/Documents/GitHub/esp_peripheral/build/freertos\libfreertos.a(tasks.o)
                                 0x76 (size before relaxing)
                0x40085e64                xTaskCreatePinnedToCore
 *fill*         0x40085ed2        0x2 
 .text.vTaskStartScheduler
                0x40085ed4       0x77 C:/Users/dongh/Documents/GitHub/esp_peripheral/build/freertos\libfreertos.a(tasks.o)
                                 0x82 (size before relaxing)
                0x40085ed4                vTaskStartScheduler
 *fill*         0x40085f4b        0x1 
 .text.vTaskDelete
                0x40085f4c      0x10a C:/Users/dongh/Documents/GitHub/esp_peripheral/build/freertos\libfreertos.a(tasks.o)
                                0x122 (size before relaxing)
                0x40085f4c                vTaskDelete
 *fill*         0x40086056        0x2 
 .text.vTaskDelay
                0x40086058       0x74 C:/Users/dongh/Documents/GitHub/esp_peripheral/build/freertos\libfreertos.a(tasks.o)
                                 0x84 (size before relaxing)
                0x40086058                vTaskDelay
 .text.uxTaskPriorityGet
                0x400860cc       0x1c C:/Users/dongh/Documents/GitHub/esp_peripheral/build/freertos\libfreertos.a(tasks.o)
                                 0x23 (size before relaxing)
                0x400860cc                uxTaskPriorityGet
 *fill*         0x400860e8        0x0 
 .text.vTaskPrioritySet
                0x400860e8      0x12d C:/Users/dongh/Documents/GitHub/esp_peripheral/build/freertos\libfreertos.a(tasks.o)
                                0x143 (size before relaxing)
                0x400860e8                vTaskPrioritySet
 *fill*         0x40086215        0x3 
 .text.prvCheckTasksWaitingTermination
                0x40086218       0xbe C:/Users/dongh/Documents/GitHub/esp_peripheral/build/freertos\libfreertos.a(tasks.o)
                                 0xc6 (size before relaxing)
 *fill*         0x400862d6        0x2 
 .text.prvIdleTask
                0x400862d8        0xc C:/Users/dongh/Documents/GitHub/esp_peripheral/build/freertos\libfreertos.a(tasks.o)
                                 0x12 (size before relaxing)
 *fill*         0x400862e4        0x0 
 .text.xTaskIncrementTick
                0x400862e4      0x1a6 C:/Users/dongh/Documents/GitHub/esp_peripheral/build/freertos\libfreertos.a(tasks.o)
                                0x1ba (size before relaxing)
                0x400862e4                xTaskIncrementTick
 *fill*         0x4008648a        0x2 
 .text.xTaskResumeAll
                0x4008648c      0x17f C:/Users/dongh/Documents/GitHub/esp_peripheral/build/freertos\libfreertos.a(tasks.o)
                                0x18e (size before relaxing)
                0x4008648c                xTaskResumeAll
 *fill*         0x4008660b        0x1 
 .text.vTaskPlaceOnEventList
                0x4008660c       0x8f C:/Users/dongh/Documents/GitHub/esp_peripheral/build/freertos\libfreertos.a(tasks.o)
                                 0xa3 (size before relaxing)
                0x4008660c                vTaskPlaceOnEventList
 *fill*         0x4008669b        0x1 
 .text.vTaskPlaceOnEventListRestricted
                0x4008669c       0x6b C:/Users/dongh/Documents/GitHub/esp_peripheral/build/freertos\libfreertos.a(tasks.o)
                                 0x7f (size before relaxing)
                0x4008669c                vTaskPlaceOnEventListRestricted
 *fill*         0x40086707        0x1 
 .text.xTaskRemoveFromEventList
                0x40086708      0x134 C:/Users/dongh/Documents/GitHub/esp_peripheral/build/freertos\libfreertos.a(tasks.o)
                                0x143 (size before relaxing)
                0x40086708                xTaskRemoveFromEventList
 *fill*         0x4008683c        0x0 
 .text.xTaskCheckForTimeOut
                0x4008683c       0x89 C:/Users/dongh/Documents/GitHub/esp_peripheral/build/freertos\libfreertos.a(tasks.o)
                                 0x94 (size before relaxing)
                0x4008683c                xTaskCheckForTimeOut
 *fill*         0x400868c5        0x3 
 .text.vTaskPriorityInherit
                0x400868c8       0xc4 C:/Users/dongh/Documents/GitHub/esp_peripheral/build/freertos\libfreertos.a(tasks.o)
                                 0xdb (size before relaxing)
                0x400868c8                vTaskPriorityInherit
 *fill*         0x4008698c        0x0 
 .text.xTaskPriorityDisinherit
                0x4008698c       0x97 C:/Users/dongh/Documents/GitHub/esp_peripheral/build/freertos\libfreertos.a(tasks.o)
                                 0xaa (size before relaxing)
                0x4008698c                xTaskPriorityDisinherit
 *fill*         0x40086a23        0x1 
 .text.pvTaskIncrementMutexHeldCount
                0x40086a24       0x50 C:/Users/dongh/Documents/GitHub/esp_peripheral/build/freertos\libfreertos.a(tasks.o)
                                 0x54 (size before relaxing)
                0x40086a24                pvTaskIncrementMutexHeldCount
 .text.vPortTaskWrapper
                0x40086a74       0x26 C:/Users/dongh/Documents/GitHub/esp_peripheral/build/freertos\libfreertos.a(port.o)
                                 0x32 (size before relaxing)
 *fill*         0x40086a9a        0x2 
 .text.pxPortInitialiseStack
                0x40086a9c       0x8a C:/Users/dongh/Documents/GitHub/esp_peripheral/build/freertos\libfreertos.a(port.o)
                0x40086a9c                pxPortInitialiseStack
 *fill*         0x40086b26        0x2 
 .text.xPortStartScheduler
                0x40086b28       0x22 C:/Users/dongh/Documents/GitHub/esp_peripheral/build/freertos\libfreertos.a(port.o)
                                 0x2e (size before relaxing)
                0x40086b28                xPortStartScheduler
 *fill*         0x40086b4a        0x2 
 .text.xPortSysTickHandler
                0x40086b4c       0x10 C:/Users/dongh/Documents/GitHub/esp_peripheral/build/freertos\libfreertos.a(port.o)
                                 0x16 (size before relaxing)
                0x40086b4c                xPortSysTickHandler
 *fill*         0x40086b5c        0x0 
 .text.vPortYieldOtherCore
                0x40086b5c        0xa C:/Users/dongh/Documents/GitHub/esp_peripheral/build/freertos\libfreertos.a(port.o)
                                  0xe (size before relaxing)
                0x40086b5c                vPortYieldOtherCore
 *fill*         0x40086b66        0x2 
 .text.vPortReleaseTaskMPUSettings
                0x40086b68        0xa C:/Users/dongh/Documents/GitHub/esp_peripheral/build/freertos\libfreertos.a(port.o)
                                  0xe (size before relaxing)
                0x40086b68                vPortReleaseTaskMPUSettings
 *fill*         0x40086b72        0x2 
 .text.xPortInIsrContext
                0x40086b74       0x26 C:/Users/dongh/Documents/GitHub/esp_peripheral/build/freertos\libfreertos.a(port.o)
                0x40086b74                xPortInIsrContext
 *fill*         0x40086b9a        0x2 
 .text.vPortCPUInitializeMutex
                0x40086b9c        0xe C:/Users/dongh/Documents/GitHub/esp_peripheral/build/freertos\libfreertos.a(port.o)
                0x40086b9c                vPortCPUInitializeMutex
 *fill*         0x40086baa        0x2 
 .text.vPortCPUAcquireMutex
                0x40086bac       0x81 C:/Users/dongh/Documents/GitHub/esp_peripheral/build/freertos\libfreertos.a(port.o)
                                 0x88 (size before relaxing)
                0x40086bac                vPortCPUAcquireMutex
 *fill*         0x40086c2d        0x3 
 .text.vPortCPUReleaseMutex
                0x40086c30       0x4d C:/Users/dongh/Documents/GitHub/esp_peripheral/build/freertos\libfreertos.a(port.o)
                                 0x50 (size before relaxing)
                0x40086c30                vPortCPUReleaseMutex
 *fill*         0x40086c7d        0x3 
 .text._xt_tick_divisor_init
                0x40086c80       0x1c C:/Users/dongh/Documents/GitHub/esp_peripheral/build/freertos\libfreertos.a(xtensa_init.o)
                                 0x1f (size before relaxing)
                0x40086c80                _xt_tick_divisor_init
 *fill*         0x40086c9c        0x0 
 .text.prvIsQueueFull
                0x40086c9c       0x2a C:/Users/dongh/Documents/GitHub/esp_peripheral/build/freertos\libfreertos.a(queue.o)
 *fill*         0x40086cc6        0x2 
 .text.prvCopyDataToQueue
                0x40086cc8       0x9e C:/Users/dongh/Documents/GitHub/esp_peripheral/build/freertos\libfreertos.a(queue.o)
 *fill*         0x40086d66        0x2 
 .text.prvNotifyQueueSetContainer
                0x40086d68       0x77 C:/Users/dongh/Documents/GitHub/esp_peripheral/build/freertos\libfreertos.a(queue.o)
                                 0x8a (size before relaxing)
 *fill*         0x40086ddf        0x1 
 .text.prvCopyDataFromQueue
                0x40086de0       0x24 C:/Users/dongh/Documents/GitHub/esp_peripheral/build/freertos\libfreertos.a(queue.o)
 .text.xQueueGenericReset
                0x40086e04       0x86 C:/Users/dongh/Documents/GitHub/esp_peripheral/build/freertos\libfreertos.a(queue.o)
                                 0x96 (size before relaxing)
                0x40086e04                xQueueGenericReset
 *fill*         0x40086e8a        0x2 
 .text.prvInitialiseNewQueue
                0x40086e8c       0x1f C:/Users/dongh/Documents/GitHub/esp_peripheral/build/freertos\libfreertos.a(queue.o)
                                 0x23 (size before relaxing)
 *fill*         0x40086eab        0x1 
 .text.xQueueGenericCreate
                0x40086eac       0x49 C:/Users/dongh/Documents/GitHub/esp_peripheral/build/freertos\libfreertos.a(queue.o)
                                 0x4d (size before relaxing)
                0x40086eac                xQueueGenericCreate
 *fill*         0x40086ef5        0x3 
 .text.xQueueGetMutexHolder
                0x40086ef8       0x23 C:/Users/dongh/Documents/GitHub/esp_peripheral/build/freertos\libfreertos.a(queue.o)
                0x40086ef8                xQueueGetMutexHolder
 *fill*         0x40086f1b        0x1 
 .text.xQueueCreateCountingSemaphore
                0x40086f1c       0x66 C:/Users/dongh/Documents/GitHub/esp_peripheral/build/freertos\libfreertos.a(queue.o)
                                 0x6a (size before relaxing)
                0x40086f1c                xQueueCreateCountingSemaphore
 *fill*         0x40086f82        0x2 
 .text.xQueueGenericSend
                0x40086f84      0x158 C:/Users/dongh/Documents/GitHub/esp_peripheral/build/freertos\libfreertos.a(queue.o)
                                0x18c (size before relaxing)
                0x40086f84                xQueueGenericSend
 .text.prvInitialiseMutex
                0x400870dc       0x22 C:/Users/dongh/Documents/GitHub/esp_peripheral/build/freertos\libfreertos.a(queue.o)
                                 0x26 (size before relaxing)
 *fill*         0x400870fe        0x2 
 .text.xQueueCreateMutex
                0x40087100       0x16 C:/Users/dongh/Documents/GitHub/esp_peripheral/build/freertos\libfreertos.a(queue.o)
                                 0x1a (size before relaxing)
                0x40087100                xQueueCreateMutex
 *fill*         0x40087116        0x2 
 .text.xQueueGiveMutexRecursive
                0x40087118       0x48 C:/Users/dongh/Documents/GitHub/esp_peripheral/build/freertos\libfreertos.a(queue.o)
                                 0x4c (size before relaxing)
                0x40087118                xQueueGiveMutexRecursive
 .text.xQueueGenericSendFromISR
                0x40087160       0xd6 C:/Users/dongh/Documents/GitHub/esp_peripheral/build/freertos\libfreertos.a(queue.o)
                                 0xe6 (size before relaxing)
                0x40087160                xQueueGenericSendFromISR
 *fill*         0x40087236        0x2 
 .text.xQueueGiveFromISR
                0x40087238       0xb6 C:/Users/dongh/Documents/GitHub/esp_peripheral/build/freertos\libfreertos.a(queue.o)
                                 0xc2 (size before relaxing)
                0x40087238                xQueueGiveFromISR
 *fill*         0x400872ee        0x2 
 .text.xQueueGenericReceive
                0x400872f0      0x144 C:/Users/dongh/Documents/GitHub/esp_peripheral/build/freertos\libfreertos.a(queue.o)
                                0x178 (size before relaxing)
                0x400872f0                xQueueGenericReceive
 .text.xQueueTakeMutexRecursive
                0x40087434       0x51 C:/Users/dongh/Documents/GitHub/esp_peripheral/build/freertos\libfreertos.a(queue.o)
                0x40087434                xQueueTakeMutexRecursive
 *fill*         0x40087485        0x3 
 .text.xQueueReceiveFromISR
                0x40087488       0x96 C:/Users/dongh/Documents/GitHub/esp_peripheral/build/freertos\libfreertos.a(queue.o)
                                 0xa6 (size before relaxing)
                0x40087488                xQueueReceiveFromISR
 *fill*         0x4008751e        0x2 
 .text.uxQueueMessagesWaiting
                0x40087520       0x30 C:/Users/dongh/Documents/GitHub/esp_peripheral/build/freertos\libfreertos.a(queue.o)
                                 0x38 (size before relaxing)
                0x40087520                uxQueueMessagesWaiting
 .text.vQueueDelete
                0x40087550       0x28 C:/Users/dongh/Documents/GitHub/esp_peripheral/build/freertos\libfreertos.a(queue.o)
                0x40087550                vQueueDelete
 .text.vQueueWaitForMessageRestricted
                0x40087578       0x23 C:/Users/dongh/Documents/GitHub/esp_peripheral/build/freertos\libfreertos.a(queue.o)
                                 0x2a (size before relaxing)
                0x40087578                vQueueWaitForMessageRestricted
 *fill*         0x4008759b        0x1 
 .text.xt_unhandled_interrupt
                0x4008759c       0x16 C:/Users/dongh/Documents/GitHub/esp_peripheral/build/freertos\libfreertos.a(xtensa_intr.o)
                0x4008759c                xt_unhandled_interrupt
 *fill*         0x400875b2        0x2 
 .text.xt_set_interrupt_handler
                0x400875b4       0x4a C:/Users/dongh/Documents/GitHub/esp_peripheral/build/freertos\libfreertos.a(xtensa_intr.o)
                0x400875b4                xt_set_interrupt_handler
 *fill*         0x400875fe        0x2 
 .text          0x40087600      0x1d0 C:/Users/dongh/Documents/GitHub/esp_peripheral/build/freertos\libfreertos.a(portasm.o)
                0x40087600                _frxt_setup_switch
                0x40087618                _frxt_int_enter
                0x40087660                _frxt_int_exit
                0x400876b0                _frxt_timer_int
                0x400876d8                _frxt_tick_timer_init
                0x400876f0                _frxt_dispatch
                0x40087738                vPortYield
                0x40087784                vPortYieldFromInt
                0x400877a4                _frxt_task_coproc_state
 .text          0x400877d0      0x12b C:/Users/dongh/Documents/GitHub/esp_peripheral/build/freertos\libfreertos.a(xtensa_context.o)
                0x400877d0                _xt_context_save
                0x40087838                _xt_context_restore
                0x4008787c                _xt_coproc_init
                0x40087890                _xt_coproc_release
                0x400878bc                _xt_coproc_savecs
                0x400878dc                _xt_coproc_restorecs
 *fill*         0x400878fb        0x1 
 .text.prvGetNextExpireTime
                0x400878fc       0x20 C:/Users/dongh/Documents/GitHub/esp_peripheral/build/freertos\libfreertos.a(timers.o)
 .text.prvInsertTimerInActiveList
                0x4008791c       0x50 C:/Users/dongh/Documents/GitHub/esp_peripheral/build/freertos\libfreertos.a(timers.o)
                                 0x54 (size before relaxing)
 .text.prvCheckForValidListAndQueue
                0x4008796c       0x66 C:/Users/dongh/Documents/GitHub/esp_peripheral/build/freertos\libfreertos.a(timers.o)
                                 0x7e (size before relaxing)
 *fill*         0x400879d2        0x2 
 .text.xTimerCreateTimerTask
                0x400879d4       0x48 C:/Users/dongh/Documents/GitHub/esp_peripheral/build/freertos\libfreertos.a(timers.o)
                                 0x4c (size before relaxing)
                0x400879d4                xTimerCreateTimerTask
 .text.xTimerGenericCommand
                0x40087a1c       0x55 C:/Users/dongh/Documents/GitHub/esp_peripheral/build/freertos\libfreertos.a(timers.o)
                                 0x5d (size before relaxing)
                0x40087a1c                xTimerGenericCommand
 *fill*         0x40087a71        0x3 
 .text.prvSwitchTimerLists
                0x40087a74       0x76 C:/Users/dongh/Documents/GitHub/esp_peripheral/build/freertos\libfreertos.a(timers.o)
                                 0x82 (size before relaxing)
 *fill*         0x40087aea        0x2 
 .text.prvSampleTimeNow
                0x40087aec       0x2b C:/Users/dongh/Documents/GitHub/esp_peripheral/build/freertos\libfreertos.a(timers.o)
                                 0x2f (size before relaxing)
 *fill*         0x40087b17        0x1 
 .text.prvProcessExpiredTimer
                0x40087b18       0x53 C:/Users/dongh/Documents/GitHub/esp_peripheral/build/freertos\libfreertos.a(timers.o)
                                 0x5f (size before relaxing)
 *fill*         0x40087b6b        0x1 
 .text.prvProcessTimerOrBlockTask